Archive member included to satisfy reference by file (symbol)

app/libapp.a(main.c.obj)      (--whole-archive)
app/libapp.a(servo_control.c.obj)
                              (--whole-archive)
zephyr/libzephyr.a(cbprintf.c.obj)
                              (--whole-archive)
zephyr/libzephyr.a(cbprintf_packaged.c.obj)
                              (--whole-archive)
zephyr/libzephyr.a(crc32c_sw.c.obj)
                              (--whole-archive)
zephyr/libzephyr.a(crc32_sw.c.obj)
                              (--whole-archive)
zephyr/libzephyr.a(crc16_sw.c.obj)
                              (--whole-archive)
zephyr/libzephyr.a(crc8_sw.c.obj)
                              (--whole-archive)
zephyr/libzephyr.a(crc7_sw.c.obj)
                              (--whole-archive)
zephyr/libzephyr.a(dec.c.obj)
                              (--whole-archive)
zephyr/libzephyr.a(fdtable.c.obj)
                              (--whole-archive)
zephyr/libzephyr.a(hex.c.obj)
                              (--whole-archive)
zephyr/libzephyr.a(notify.c.obj)
                              (--whole-archive)
zephyr/libzephyr.a(printk.c.obj)
                              (--whole-archive)
zephyr/libzephyr.a(onoff.c.obj)
                              (--whole-archive)
zephyr/libzephyr.a(rb.c.obj)  (--whole-archive)
zephyr/libzephyr.a(sem.c.obj)
                              (--whole-archive)
zephyr/libzephyr.a(thread_entry.c.obj)
                              (--whole-archive)
zephyr/libzephyr.a(timeutil.c.obj)
                              (--whole-archive)
zephyr/libzephyr.a(heap.c.obj)
                              (--whole-archive)
zephyr/libzephyr.a(heap-validate.c.obj)
                              (--whole-archive)
zephyr/libzephyr.a(bitarray.c.obj)
                              (--whole-archive)
zephyr/libzephyr.a(multi_heap.c.obj)
                              (--whole-archive)
zephyr/libzephyr.a(cbprintf_complete.c.obj)
                              (--whole-archive)
zephyr/libzephyr.a(reboot.c.obj)
                              (--whole-archive)
zephyr/libzephyr.a(configs.c.obj)
                              (--whole-archive)
zephyr/libzephyr.a(soc_nrf_common.S.obj)
                              (--whole-archive)
zephyr/libzephyr.a(validate_base_addresses.c.obj)
                              (--whole-archive)
zephyr/libzephyr.a(validate_enabled_instances.c.obj)
                              (--whole-archive)
zephyr/libzephyr.a(thread_info.c.obj)
                              (--whole-archive)
zephyr/libzephyr.a(pm.c.obj)  (--whole-archive)
zephyr/libzephyr.a(constraint.c.obj)
                              (--whole-archive)
zephyr/libzephyr.a(residency.c.obj)
                              (--whole-archive)
zephyr/libzephyr.a(tracing_none.c.obj)
                              (--whole-archive)
zephyr/libzephyr.a(nrf_cc3xx_platform_abort_zephyr.c.obj)
                              (--whole-archive)
zephyr/libzephyr.a(nrf_cc3xx_platform_mutex_zephyr.c.obj)
                              (--whole-archive)
zephyr/arch/common/libarch__common.a(sw_isr_common.c.obj)
                              (--whole-archive)
zephyr/arch/arch/arm/core/aarch32/libarch__arm__core__aarch32.a(cpu_idle.S.obj)
                              (--whole-archive)
zephyr/arch/arch/arm/core/aarch32/libarch__arm__core__aarch32.a(fatal.c.obj)
                              (--whole-archive)
zephyr/arch/arch/arm/core/aarch32/libarch__arm__core__aarch32.a(irq_manage.c.obj)
                              (--whole-archive)
zephyr/arch/arch/arm/core/aarch32/libarch__arm__core__aarch32.a(nmi.c.obj)
                              (--whole-archive)
zephyr/arch/arch/arm/core/aarch32/libarch__arm__core__aarch32.a(nmi_on_reset.S.obj)
                              (--whole-archive)
zephyr/arch/arch/arm/core/aarch32/libarch__arm__core__aarch32.a(prep_c.c.obj)
                              (--whole-archive)
zephyr/arch/arch/arm/core/aarch32/libarch__arm__core__aarch32.a(swap.c.obj)
                              (--whole-archive)
zephyr/arch/arch/arm/core/aarch32/libarch__arm__core__aarch32.a(swap_helper.S.obj)
                              (--whole-archive)
zephyr/arch/arch/arm/core/aarch32/libarch__arm__core__aarch32.a(thread.c.obj)
                              (--whole-archive)
zephyr/arch/arch/arm/core/aarch32/libarch__arm__core__aarch32.a(isr_wrapper.S.obj)
                              (--whole-archive)
zephyr/arch/arch/arm/core/aarch32/cortex_m/libarch__arm__core__aarch32__cortex_m.a(exc_exit.S.obj)
                              (--whole-archive)
zephyr/arch/arch/arm/core/aarch32/cortex_m/libarch__arm__core__aarch32__cortex_m.a(fault.c.obj)
                              (--whole-archive)
zephyr/arch/arch/arm/core/aarch32/cortex_m/libarch__arm__core__aarch32__cortex_m.a(fault_s.S.obj)
                              (--whole-archive)
zephyr/arch/arch/arm/core/aarch32/cortex_m/libarch__arm__core__aarch32__cortex_m.a(fpu.c.obj)
                              (--whole-archive)
[...]
Memory Configuration

Name             Origin             Length             Attributes
FLASH            0x00000000         0x00100000         xr
SRAM             0x20000000         0x00040000         xw
IDT_LIST         0xfffff7ff         0x00000800         xw
*default*        0x00000000         0xffffffff

Linker script and memory map

LOAD zephyr/CMakeFiles/zephyr_final.dir/misc/empty_file.c.obj
LOAD zephyr/CMakeFiles/zephyr_final.dir/dev_handles.c.obj
LOAD zephyr/CMakeFiles/zephyr_final.dir/isr_tables.c.obj
                0x00000020                _region_min_align = 0x20

.rel.plt        0x00000000        0x0
 *(SORT_BY_ALIGNMENT(.rel.plt))
                [!provide]                PROVIDE (__rel_iplt_start = .)
 *(SORT_BY_ALIGNMENT(.rel.iplt))
 .rel.iplt      0x00000000        0x0 zephyr/CMakeFiles/zephyr_final.dir/dev_handles.c.obj
                [!provide]                PROVIDE (__rel_iplt_end = .)

.rela.plt       0x00000000        0x0
 *(SORT_BY_ALIGNMENT(.rela.plt))
                [!provide]                PROVIDE (__rela_iplt_start = .)
 *(SORT_BY_ALIGNMENT(.rela.iplt))
                [!provide]                PROVIDE (__rela_iplt_end = .)

.rel.dyn
 *(SORT_BY_ALIGNMENT(.rel.*))

.rela.dyn
 *(SORT_BY_ALIGNMENT(.rela.*))

/DISCARD/
 *(SORT_BY_ALIGNMENT(.plt))
 *(SORT_BY_ALIGNMENT(.iplt))
 *(SORT_BY_ALIGNMENT(.got.plt))
 *(SORT_BY_ALIGNMENT(.igot.plt))
 *(SORT_BY_ALIGNMENT(.got))
 *(SORT_BY_ALIGNMENT(.igot))
 *(SORT_BY_ALIGNMENT(.irq_info*))
 *(SORT_BY_ALIGNMENT(.intList*))
 *(SORT_BY_ALIGNMENT(.note.GNU-stack))
                0x00000000                __rom_region_start = 0x0

rom_start       0x00000000      0x100
                0x00000000                . = 0x0
                0x00000000                . = ALIGN (0x4)
                0x00000000                . = ALIGN (0x80)
                0x00000000                . = ALIGN (0x100)
                0x00000000                _vector_start = .
 *(SORT_BY_ALIGNMENT(.exc_vector_table))
 *(SORT_BY_ALIGNMENT(.exc_vector_table.*))
 .exc_vector_table._vector_table_section
                0x00000000       0x40 zephyr/arch/arch/arm/core/aarch32/cortex_m/libarch__arm__core__aarch32__cortex_m.a(vector_table.S.obj)
                0x00000000                _vector_table
 *(SORT_BY_ALIGNMENT(.gnu.linkonce.irq_vector_table*))
 .gnu.linkonce.irq_vector_table
                0x00000040       0xc0 zephyr/CMakeFiles/zephyr_final.dir/isr_tables.c.obj
                0x00000040                _irq_vector_table
 *(SORT_BY_ALIGNMENT(.vectors))
                0x00000100                _vector_end = .

text            0x00000100     0x88e4
                0x00000100                __text_region_start = .
 *(SORT_BY_ALIGNMENT(.text))
 .text          0x00000100      0x378 c:/dev/nordicsdk/v1.9.1/toolchain/opt/bin/../lib/gcc/arm-none-eabi/9.2.1/thumb/v7e-m/nofp\libgcc.a(_arm_addsubdf3.o)
                0x00000100                __aeabi_drsub
                0x00000108                __aeabi_dsub
                0x00000108                __subdf3
                0x0000010c                __aeabi_dadd
                0x0000010c                __adddf3
                0x00000384                __floatunsidf
                0x00000384                __aeabi_ui2d
                0x000003a4                __floatsidf
                0x000003a4                __aeabi_i2d
                0x000003c8                __aeabi_f2d
                0x000003c8                __extendsfdf2
                0x0000040c                __floatundidf
                0x0000040c                __aeabi_ul2d
                0x0000041c                __floatdidf
                0x0000041c                __aeabi_l2d
 .text          0x00000478      0x424 c:/dev/nordicsdk/v1.9.1/toolchain/opt/bin/../lib/gcc/arm-none-eabi/9.2.1/thumb/v7e-m/nofp\libgcc.a(_arm_muldivdf3.o)
                0x00000478                __aeabi_dmul
                0x00000478                __muldf3
                0x000006cc                __divdf3
                0x000006cc                __aeabi_ddiv
 .text          0x0000089c       0xa0 c:/dev/nordicsdk/v1.9.1/toolchain/opt/bin/../lib/gcc/arm-none-eabi/9.2.1/thumb/v7e-m/nofp\libgcc.a(_arm_truncdfsf2.o)
                0x0000089c                __truncdfsf2
                0x0000089c                __aeabi_d2f
 .text          0x0000093c      0x21c c:/dev/nordicsdk/v1.9.1/toolchain/opt/bin/../lib/gcc/arm-none-eabi/9.2.1/thumb/v7e-m/nofp\libgcc.a(_arm_addsubsf3.o)
                0x0000093c                __aeabi_frsub
                0x00000944                __subsf3
                0x00000944                __aeabi_fsub
                0x00000948                __aeabi_fadd
                0x00000948                __addsf3
                0x00000aa8                __aeabi_ui2f
                0x00000aa8                __floatunsisf
                0x00000ab0                __aeabi_i2f
                0x00000ab0                __floatsisf
                0x00000acc                __aeabi_ul2f
                0x00000acc                __floatundisf
                0x00000adc                __aeabi_l2f
                0x00000adc                __floatdisf
 .text          0x00000b58      0x2a0 c:/dev/nordicsdk/v1.9.1/toolchain/opt/bin/../lib/gcc/arm-none-eabi/9.2.1/thumb/v7e-m/nofp\libgcc.a(_arm_muldivsf3.o)
                0x00000b58                __mulsf3
                0x00000b58                __aeabi_fmul
                0x00000cc0                __aeabi_fdiv
                0x00000cc0                __divsf3
 .text          0x00000df8       0x40 c:/dev/nordicsdk/v1.9.1/toolchain/opt/bin/../lib/gcc/arm-none-eabi/9.2.1/thumb/v7e-m/nofp\libgcc.a(_arm_fixunssfsi.o)
                0x00000df8                __fixunssfsi
                0x00000df8                __aeabi_f2uiz
 .text          0x00000e38       0x30 c:/dev/nordicsdk/v1.9.1/toolchain/opt/bin/../lib/gcc/arm-none-eabi/9.2.1/thumb/v7e-m/nofp\libgcc.a(_aeabi_uldivmod.o)
                0x00000e38                __aeabi_uldivmod
 .text          0x00000e68      0x2c0 c:/dev/nordicsdk/v1.9.1/toolchain/opt/bin/../lib/gcc/arm-none-eabi/9.2.1/thumb/v7e-m/nofp\libgcc.a(_udivmoddi4.o)
                0x00000e68                __udivmoddi4
 .text          0x00001128        0x4 c:/dev/nordicsdk/v1.9.1/toolchain/opt/bin/../lib/gcc/arm-none-eabi/9.2.1/thumb/v7e-m/nofp\libgcc.a(_dvmd_tls.o)
                0x00001128                __aeabi_idiv0
                0x00001128                __aeabi_ldiv0
 .text          0x0000112c      0x110 c:/dev/nordicsdk/v1.9.1/toolchain/opt/bin/../lib/gcc/arm-none-eabi/9.2.1/thumb/v7e-m/nofp\libgcc.a(_arm_cmpdf2.o)
                0x0000112c                __gtdf2
                0x0000112c                __gedf2
                0x00001134                __ltdf2
                0x00001134                __ledf2
                0x0000113c                __nedf2
                0x0000113c                __eqdf2
                0x0000113c                __cmpdf2
                0x000011b8                __aeabi_cdrcmple
                0x000011c8                __aeabi_cdcmpeq
                0x000011c8                __aeabi_cdcmple
                0x000011d8                __aeabi_dcmpeq
                0x000011ec                __aeabi_dcmplt
                0x00001200                __aeabi_dcmple
                0x00001214                __aeabi_dcmpge
                0x00001228                __aeabi_dcmpgt
 .text          0x0000123c       0x50 c:/dev/nordicsdk/v1.9.1/toolchain/opt/bin/../lib/gcc/arm-none-eabi/9.2.1/thumb/v7e-m/nofp\libgcc.a(_arm_fixdfsi.o)
                0x0000123c                __aeabi_d2iz
                0x0000123c                __fixdfsi
 .text          0x0000128c       0x10 c:/dev/NordicSDK/v1.9.1/toolchain/opt/arm-none-eabi/lib/thumb/v7e-m/nofp\libc_nano.a(lib_a-strlen.o)
                0x0000128c                strlen
 *(SORT_BY_ALIGNMENT(.text.*))
 *fill*         0x0000129c        0x4 
 .text.__ieee754_rem_pio2
                0x000012a0      0x444 c:/dev/NordicSDK/v1.9.1/toolchain/opt/arm-none-eabi/lib/thumb/v7e-m/nofp\libm.a(lib_a-e_rem_pio2.o)
                0x000012a0                __ieee754_rem_pio2
 *fill*         0x000016e4        0x4 
 .text.__kernel_cos
                0x000016e8      0x258 c:/dev/NordicSDK/v1.9.1/toolchain/opt/arm-none-eabi/lib/thumb/v7e-m/nofp\libm.a(lib_a-k_cos.o)
                0x000016e8                __kernel_cos
 .text.__kernel_rem_pio2
                0x00001940      0x84c c:/dev/NordicSDK/v1.9.1/toolchain/opt/arm-none-eabi/lib/thumb/v7e-m/nofp\libm.a(lib_a-k_rem_pio2.o)
                0x00001940                __kernel_rem_pio2
 *fill*         0x0000218c        0x4 
 .text.__kernel_sin
                0x00002190      0x184 c:/dev/NordicSDK/v1.9.1/toolchain/opt/arm-none-eabi/lib/thumb/v7e-m/nofp\libm.a(lib_a-k_sin.o)
                0x00002190                __kernel_sin
 *fill*         0x00002314        0x4 
 .text.floor    0x00002318       0xf8 c:/dev/NordicSDK/v1.9.1/toolchain/opt/arm-none-eabi/lib/thumb/v7e-m/nofp\libm.a(lib_a-s_floor.o)
                0x00002318                floor
 .text.scalbn   0x00002410       0xf4 c:/dev/NordicSDK/v1.9.1/toolchain/opt/arm-none-eabi/lib/thumb/v7e-m/nofp\libm.a(lib_a-s_scalbn.o)
                0x00002410                scalbn
 .text.sin_scaled
                0x00002504       0x60 app/libapp.a(main.c.obj)
                0x00002504                sin_scaled
 .text.main     0x00002564       0x6c app/libapp.a(main.c.obj)
                0x00002564                main
 .text.timer_init
                0x000025d0       0x34 app/libapp.a(servo_control.c.obj)
                0x000025d0                timer_init
 .text.timer_start
                0x00002604       0x18 app/libapp.a(servo_control.c.obj)
                0x00002604                timer_start
 .text.convert_to_raw
                0x0000261c       0x1c app/libapp.a(servo_control.c.obj)
                0x0000261c                convert_to_raw
 .text.servo_init
                0x00002638       0xdc app/libapp.a(servo_control.c.obj)
                0x00002638                servo_init
 .text.raw_move_servo
                0x00002714       0x40 app/libapp.a(servo_control.c.obj)
                0x00002714                raw_move_servo
 .text.char_out
                0x00002754       0x14 zephyr/libzephyr.a(printk.c.obj)
 .text.__printk_hook_install
                0x00002768        0xc zephyr/libzephyr.a(printk.c.obj)
                0x00002768                __printk_hook_install
 .text.vprintk  0x00002774       0x20 zephyr/libzephyr.a(printk.c.obj)
                0x00002774                vprintk
 .text.vsnprintk
                0x00002794       0x2c zephyr/libzephyr.a(printk.c.obj)
                0x00002794                vsnprintk
 .text.process_event
                0x000027c0      0x158 zephyr/libzephyr.a(onoff.c.obj)
 .text.extract_decimal
                0x00002918       0x2c zephyr/libzephyr.a(cbprintf_complete.c.obj)
 .text.encode_uint
                0x00002944       0xe0 zephyr/libzephyr.a(cbprintf_complete.c.obj)
 .text.cbvprintf
                0x00002a24      0x9d4 zephyr/libzephyr.a(cbprintf_complete.c.obj)
                0x00002a24                cbvprintf
 .text.sys_reboot
                0x000033f8       0x28 zephyr/libzephyr.a(reboot.c.obj)
                0x000033f8                sys_reboot
 .text.pm_system_resume
                0x00003420       0xcc zephyr/libzephyr.a(pm.c.obj)
                0x00003420                pm_system_resume
 .text.pm_system_suspend
                0x000034ec      0x17c zephyr/libzephyr.a(pm.c.obj)
                0x000034ec                pm_system_suspend
 .text.nrf_cc3xx_platform_abort_init
                0x00003668       0x10 zephyr/libzephyr.a(nrf_cc3xx_platform_abort_zephyr.c.obj)
                0x00003668                nrf_cc3xx_platform_abort_init
 .text.mutex_unlock_platform
                0x00003678       0x50 zephyr/libzephyr.a(nrf_cc3xx_platform_mutex_zephyr.c.obj)
 .text.mutex_lock_platform
                0x000036c8       0x5c zephyr/libzephyr.a(nrf_cc3xx_platform_mutex_zephyr.c.obj)
 .text.mutex_free_platform
                0x00003724       0x50 zephyr/libzephyr.a(nrf_cc3xx_platform_mutex_zephyr.c.obj)
 .text.mutex_init_platform
                0x00003774       0x78 zephyr/libzephyr.a(nrf_cc3xx_platform_mutex_zephyr.c.obj)
 .text.nrf_cc3xx_platform_mutex_init
                0x000037ec       0x28 zephyr/libzephyr.a(nrf_cc3xx_platform_mutex_zephyr.c.obj)
                0x000037ec                nrf_cc3xx_platform_mutex_init
 .text.z_arm_cpu_idle_init
                0x00003814        0xc zephyr/arch/arch/arm/core/aarch32/libarch__arm__core__aarch32.a(cpu_idle.S.obj)
                0x00003814                z_arm_cpu_idle_init
 .text.arch_cpu_idle
                0x00003820       0x1c zephyr/arch/arch/arm/core/aarch32/libarch__arm__core__aarch32.a(cpu_idle.S.obj)
                0x00003820                arch_cpu_idle
 .text.arch_cpu_atomic_idle
                0x0000383c       0x14 zephyr/arch/arch/arm/core/aarch32/libarch__arm__core__aarch32.a(cpu_idle.S.obj)
                0x0000383c                arch_cpu_atomic_idle
 .text.arch_irq_enable
                0x00003850       0x20 zephyr/arch/arch/arm/core/aarch32/libarch__arm__core__aarch32.a(irq_manage.c.obj)
                0x00003850                arch_irq_enable
 .text.arch_irq_is_enabled
                0x00003870       0x1c zephyr/arch/arch/arm/core/aarch32/libarch__arm__core__aarch32.a(irq_manage.c.obj)
                0x00003870                arch_irq_is_enabled
 .text.z_arm_irq_priority_set
                0x0000388c       0x2c zephyr/arch/arch/arm/core/aarch32/libarch__arm__core__aarch32.a(irq_manage.c.obj)
                0x0000388c                z_arm_irq_priority_set
 .text.z_SysNmiOnReset
                0x000038b8        0x8 zephyr/arch/arch/arm/core/aarch32/libarch__arm__core__aarch32.a(nmi_on_reset.S.obj)
                0x000038b8                z_SysNmiOnReset
 .text.z_arm_prep_c
                0x000038c0       0x38 zephyr/arch/arch/arm/core/aarch32/libarch__arm__core__aarch32.a(prep_c.c.obj)
                0x000038c0                z_arm_prep_c
 .text.arch_swap
                0x000038f8       0x38 zephyr/arch/arch/arm/core/aarch32/libarch__arm__core__aarch32.a(swap.c.obj)
                0x000038f8                arch_swap
 .text.z_arm_pendsv
                0x00003930       0x58 zephyr/arch/arch/arm/core/aarch32/libarch__arm__core__aarch32.a(swap_helper.S.obj)
                0x00003930                z_arm_pendsv
 .text.z_arm_svc
                0x00003988       0x20 zephyr/arch/arch/arm/core/aarch32/libarch__arm__core__aarch32.a(swap_helper.S.obj)
                0x00003988                z_arm_svc
 .text.arch_new_thread
                0x000039a8       0x40 zephyr/arch/arch/arm/core/aarch32/libarch__arm__core__aarch32.a(thread.c.obj)
                0x000039a8                arch_new_thread
 .text.z_check_thread_stack_fail
                0x000039e8       0x60 zephyr/arch/arch/arm/core/aarch32/libarch__arm__core__aarch32.a(thread.c.obj)
                0x000039e8                z_check_thread_stack_fail
 .text.arch_switch_to_main_thread
                0x00003a48       0x2c zephyr/arch/arch/arm/core/aarch32/libarch__arm__core__aarch32.a(thread.c.obj)
                0x00003a48                arch_switch_to_main_thread
 .text._isr_wrapper
                0x00003a74       0x40 zephyr/arch/arch/arm/core/aarch32/libarch__arm__core__aarch32.a(isr_wrapper.S.obj)
                0x00003a74                _isr_wrapper
 .text._HandlerModeExit
                0x00003ab4       0x1c zephyr/arch/arch/arm/core/aarch32/cortex_m/libarch__arm__core__aarch32__cortex_m.a(exc_exit.S.obj)
                0x00003ab4                z_arm_int_exit
                0x00003ab4                z_arm_exc_exit
 .text.bus_fault
                0x00003ad0       0x54 zephyr/arch/arch/arm/core/aarch32/cortex_m/libarch__arm__core__aarch32__cortex_m.a(fault.c.obj)
 .text.usage_fault
                0x00003b24       0x24 zephyr/arch/arch/arm/core/aarch32/cortex_m/libarch__arm__core__aarch32__cortex_m.a(fault.c.obj)
 .text.mem_manage_fault
                0x00003b48       0x8c zephyr/arch/arch/arm/core/aarch32/cortex_m/libarch__arm__core__aarch32__cortex_m.a(fault.c.obj)
 .text.hard_fault
                0x00003bd4       0x84 zephyr/arch/arch/arm/core/aarch32/cortex_m/libarch__arm__core__aarch32__cortex_m.a(fault.c.obj)
 .text.z_arm_fault
                0x00003c58       0xa0 zephyr/arch/arch/arm/core/aarch32/cortex_m/libarch__arm__core__aarch32__cortex_m.a(fault.c.obj)
                0x00003c58                z_arm_fault
 .text.z_arm_fault_init
                0x00003cf8       0x10 zephyr/arch/arch/arm/core/aarch32/cortex_m/libarch__arm__core__aarch32__cortex_m.a(fault.c.obj)
                0x00003cf8                z_arm_fault_init
 .text.__fault  0x00003d08       0x14 zephyr/arch/arch/arm/core/aarch32/cortex_m/libarch__arm__core__aarch32__cortex_m.a(fault_s.S.obj)
                0x00003d08                z_arm_usage_fault
                0x00003d08                z_arm_mpu_fault
                0x00003d08                z_arm_exc_spurious
                0x00003d08                z_arm_debug_monitor
                0x00003d08                z_arm_hard_fault
                0x00003d08                z_arm_bus_fault
 .text.z_arm_interrupt_init
                0x00003d1c       0x34 zephyr/arch/arch/arm/core/aarch32/cortex_m/libarch__arm__core__aarch32__cortex_m.a(irq_init.c.obj)
                0x00003d1c                z_arm_interrupt_init
 .text._reset_section
                0x00003d50       0x54 zephyr/arch/arch/arm/core/aarch32/cortex_m/libarch__arm__core__aarch32__cortex_m.a(reset.S.obj)
                0x00003d50                __start
                0x00003d50                z_arm_reset
 .text.z_arm_clear_arm_mpu_config
                0x00003da4       0x20 zephyr/arch/arch/arm/core/aarch32/cortex_m/libarch__arm__core__aarch32__cortex_m.a(scb.c.obj)
                0x00003da4                z_arm_clear_arm_mpu_config
 .text.z_arm_init_arch_hw_at_boot
                0x00003dc4       0x54 zephyr/arch/arch/arm/core/aarch32/cortex_m/libarch__arm__core__aarch32__cortex_m.a(scb.c.obj)
                0x00003dc4                z_arm_init_arch_hw_at_boot
 .text.z_impl_k_thread_abort
                0x00003e18       0x2c zephyr/arch/arch/arm/core/aarch32/cortex_m/libarch__arm__core__aarch32__cortex_m.a(thread_abort.c.obj)
                0x00003e18                z_impl_k_thread_abort
 .text.z_arm_configure_static_mpu_regions
                0x00003e44       0x1c zephyr/arch/arch/arm/core/aarch32/mpu/libarch__arm__core__aarch32__mpu.a(arm_core_mpu.c.obj)
                0x00003e44                z_arm_configure_static_mpu_regions
 .text.z_arm_configure_dynamic_mpu_regions
                0x00003e60       0x24 zephyr/arch/arch/arm/core/aarch32/mpu/libarch__arm__core__aarch32__mpu.a(arm_core_mpu.c.obj)
                0x00003e60                z_arm_configure_dynamic_mpu_regions
 .text.region_init
                0x00003e84       0x20 zephyr/arch/arch/arm/core/aarch32/mpu/libarch__arm__core__aarch32__mpu.a(arm_mpu.c.obj)
 .text.mpu_configure_static_mpu_regions
                0x00003ea4       0x14 zephyr/arch/arch/arm/core/aarch32/mpu/libarch__arm__core__aarch32__mpu.a(arm_mpu.c.obj)
 .text.mpu_configure_dynamic_mpu_regions
                0x00003eb8       0x30 zephyr/arch/arch/arm/core/aarch32/mpu/libarch__arm__core__aarch32__mpu.a(arm_mpu.c.obj)
 .text.arm_core_mpu_enable
                0x00003ee8       0x14 zephyr/arch/arch/arm/core/aarch32/mpu/libarch__arm__core__aarch32__mpu.a(arm_mpu.c.obj)
                0x00003ee8                arm_core_mpu_enable
 .text.arm_core_mpu_disable
                0x00003efc       0x10 zephyr/arch/arch/arm/core/aarch32/mpu/libarch__arm__core__aarch32__mpu.a(arm_mpu.c.obj)
                0x00003efc                arm_core_mpu_disable
 .text.z_arm_mpu_init
                0x00003f0c       0x44 zephyr/arch/arch/arm/core/aarch32/mpu/libarch__arm__core__aarch32__mpu.a(arm_mpu.c.obj)
                0x00003f0c                z_arm_mpu_init
 .text.__stdout_hook_install
                0x00003f50        0xc zephyr/lib/libc/newlib/liblib__libc__newlib.a(libc-hooks.c.obj)
                0x00003f50                __stdout_hook_install
 .text.nrf52_errata_197
                0x00003f5c       0x24 zephyr/soc/arm/nordic_nrf/nrf52/libsoc__arm__nordic_nrf__nrf52.a(soc.c.obj)
 .text.nordicsemi_nrf52_init
                0x00003f80       0x4c zephyr/soc/arm/nordic_nrf/nrf52/libsoc__arm__nordic_nrf__nrf52.a(soc.c.obj)
 .text.sys_arch_reboot
                0x00003fcc       0x2c zephyr/soc/arm/nordic_nrf/nrf52/libsoc__arm__nordic_nrf__nrf52.a(soc.c.obj)
                0x00003fcc                sys_arch_reboot
 .text.arch_busy_wait
                0x00003ff8       0x18 zephyr/soc/arm/nordic_nrf/nrf52/libsoc__arm__nordic_nrf__nrf52.a(soc.c.obj)
                0x00003ff8                arch_busy_wait
 .text.get_hf_flags
                0x00004010        0x8 zephyr/drivers/clock_control/libdrivers__clock_control.a(clock_control_nrf.c.obj)
 .text.get_subsys
                0x00004018       0x18 zephyr/drivers/clock_control/libdrivers__clock_control.a(clock_control_nrf.c.obj)
 .text.onoff_stop
                0x00004030       0x20 zephyr/drivers/clock_control/libdrivers__clock_control.a(clock_control_nrf.c.obj)
 .text.onoff_start
                0x00004050       0x34 zephyr/drivers/clock_control/libdrivers__clock_control.a(clock_control_nrf.c.obj)
 .text.clock_event_handler
                0x00004084       0x34 zephyr/drivers/clock_control/libdrivers__clock_control.a(clock_control_nrf.c.obj)
 .text.generic_hfclk_start
                0x000040b8       0x68 zephyr/drivers/clock_control/libdrivers__clock_control.a(clock_control_nrf.c.obj)
 .text.generic_hfclk_stop
                0x00004120       0x30 zephyr/drivers/clock_control/libdrivers__clock_control.a(clock_control_nrf.c.obj)
 .text.api_blocking_start
                0x00004150       0x38 zephyr/drivers/clock_control/libdrivers__clock_control.a(clock_control_nrf.c.obj)
 .text.clk_init
                0x00004188       0x68 zephyr/drivers/clock_control/libdrivers__clock_control.a(clock_control_nrf.c.obj)
 .text.lfclk_spinwait
                0x000041f0       0xe8 zephyr/drivers/clock_control/libdrivers__clock_control.a(clock_control_nrf.c.obj)
 .text.z_nrf_clock_control_lf_on
                0x000042d8       0x54 zephyr/drivers/clock_control/libdrivers__clock_control.a(clock_control_nrf.c.obj)
                0x000042d8                z_nrf_clock_control_lf_on
 .text.console_out
                0x0000432c       0x2c zephyr/drivers/console/libdrivers__console.a(uart_console.c.obj)
 .text.uart_console_hook_install
                0x00004358       0x18 zephyr/drivers/console/libdrivers__console.a(uart_console.c.obj)
 .text.uart_console_init
                0x00004370       0x24 zephyr/drivers/console/libdrivers__console.a(uart_console.c.obj)
 .text.get_drive
                0x00004394       0x8c zephyr/drivers/gpio/libdrivers__gpio.a(gpio_nrfx.c.obj)
 .text.get_dev  0x00004420       0x1c zephyr/drivers/gpio/libdrivers__gpio.a(gpio_nrfx.c.obj)
 .text.gpio_nrfx_pin_interrupt_configure
                0x0000443c       0xc8 zephyr/drivers/gpio/libdrivers__gpio.a(gpio_nrfx.c.obj)
 .text.pin_uninit
                0x00004504       0x48 zephyr/drivers/gpio/libdrivers__gpio.a(gpio_nrfx.c.obj)
 .text.gpio_nrfx_pin_configure
                0x0000454c      0x104 zephyr/drivers/gpio/libdrivers__gpio.a(gpio_nrfx.c.obj)
 .text.gpio_nrfx_init
                0x00004650       0x3c zephyr/drivers/gpio/libdrivers__gpio.a(gpio_nrfx.c.obj)
 .text.uarte_nrfx_pins_configure
                0x0000468c      0x19c zephyr/drivers/serial/libdrivers__serial.a(uart_nrfx_uarte.c.obj)
 .text.baudrate_set
                0x00004828      0x150 zephyr/drivers/serial/libdrivers__serial.a(uart_nrfx_uarte.c.obj)
 .text.uarte_nrfx_poll_out
                0x00004978       0x70 zephyr/drivers/serial/libdrivers__serial.a(uart_nrfx_uarte.c.obj)
 .text.endtx_stoptx_ppi_init
                0x000049e8       0x48 zephyr/drivers/serial/libdrivers__serial.a(uart_nrfx_uarte.c.obj)
 .text.set_comparator
                0x00004a30       0x14 zephyr/drivers/timer/libdrivers__timer.a(nrf_rtc_timer.c.obj)
 .text.get_comparator
                0x00004a44       0x10 zephyr/drivers/timer/libdrivers__timer.a(nrf_rtc_timer.c.obj)
 .text.event_enable
                0x00004a54       0x14 zephyr/drivers/timer/libdrivers__timer.a(nrf_rtc_timer.c.obj)
 .text.event_disable
                0x00004a68       0x14 zephyr/drivers/timer/libdrivers__timer.a(nrf_rtc_timer.c.obj)
 .text.counter  0x00004a7c        0xc zephyr/drivers/timer/libdrivers__timer.a(nrf_rtc_timer.c.obj)
 .text.compare_int_lock
                0x00004a88       0x50 zephyr/drivers/timer/libdrivers__timer.a(nrf_rtc_timer.c.obj)
 .text.channel_processing_check_and_clear
                0x00004ad8       0x78 zephyr/drivers/timer/libdrivers__timer.a(nrf_rtc_timer.c.obj)
 .text.compare_int_unlock
                0x00004b50       0x60 zephyr/drivers/timer/libdrivers__timer.a(nrf_rtc_timer.c.obj)
 .text.sys_clock_timeout_handler
                0x00004bb0       0x74 zephyr/drivers/timer/libdrivers__timer.a(nrf_rtc_timer.c.obj)
 .text.z_nrf_rtc_timer_read
                0x00004c24       0x40 zephyr/drivers/timer/libdrivers__timer.a(nrf_rtc_timer.c.obj)
                0x00004c24                z_nrf_rtc_timer_read
 .text.compare_set_nolocks
                0x00004c64       0xa4 zephyr/drivers/timer/libdrivers__timer.a(nrf_rtc_timer.c.obj)
 .text.sys_clock_driver_init
                0x00004d08       0x9c zephyr/drivers/timer/libdrivers__timer.a(nrf_rtc_timer.c.obj)
 .text.process_channel
                0x00004da4       0x74 zephyr/drivers/timer/libdrivers__timer.a(nrf_rtc_timer.c.obj)
 .text.rtc_nrf_isr
                0x00004e18       0x44 zephyr/drivers/timer/libdrivers__timer.a(nrf_rtc_timer.c.obj)
                0x00004e18                rtc_nrf_isr
 .text.sys_clock_set_timeout
                0x00004e5c       0x68 zephyr/drivers/timer/libdrivers__timer.a(nrf_rtc_timer.c.obj)
                0x00004e5c                sys_clock_set_timeout
 .text.sys_clock_elapsed
                0x00004ec4       0x14 zephyr/drivers/timer/libdrivers__timer.a(nrf_rtc_timer.c.obj)
                0x00004ec4                sys_clock_elapsed
 .text.nrf52_errata_36
                0x00004ed8       0x14 modules/hal_nordic/nrfx/libmodules__hal_nordic__nrfx.a(system_nrf52840.c.obj)
 .text.nrf52_errata_66
                0x00004eec       0x14 modules/hal_nordic/nrfx/libmodules__hal_nordic__nrfx.a(system_nrf52840.c.obj)
 .text.nrf52_errata_98
                0x00004f00       0x28 modules/hal_nordic/nrfx/libmodules__hal_nordic__nrfx.a(system_nrf52840.c.obj)
 .text.nrf52_errata_103
                0x00004f28       0x28 modules/hal_nordic/nrfx/libmodules__hal_nordic__nrfx.a(system_nrf52840.c.obj)
 .text.nrf52_errata_115
                0x00004f50       0x28 modules/hal_nordic/nrfx/libmodules__hal_nordic__nrfx.a(system_nrf52840.c.obj)
 .text.nrf52_errata_120
                0x00004f78       0x28 modules/hal_nordic/nrfx/libmodules__hal_nordic__nrfx.a(system_nrf52840.c.obj)
 .text.nrf52_errata_136
                0x00004fa0       0x14 modules/hal_nordic/nrfx/libmodules__hal_nordic__nrfx.a(system_nrf52840.c.obj)
 .text.nrf52_configuration_249
                0x00004fb4       0x24 modules/hal_nordic/nrfx/libmodules__hal_nordic__nrfx.a(system_nrf52840.c.obj)
 .text.nvmc_wait
                0x00004fd8       0x10 modules/hal_nordic/nrfx/libmodules__hal_nordic__nrfx.a(system_nrf52840.c.obj)
                0x00004fd8                nvmc_wait
 .text.nvmc_config
                0x00004fe8       0x14 modules/hal_nordic/nrfx/libmodules__hal_nordic__nrfx.a(system_nrf52840.c.obj)
                0x00004fe8                nvmc_config
 .text.SystemCoreClockUpdate
                0x00004ffc       0x10 modules/hal_nordic/nrfx/libmodules__hal_nordic__nrfx.a(system_nrf52840.c.obj)
                0x00004ffc                SystemCoreClockUpdate
 .text.SystemInit
                0x0000500c      0x1a8 modules/hal_nordic/nrfx/libmodules__hal_nordic__nrfx.a(system_nrf52840.c.obj)
                0x0000500c                SystemInit
 .text.nrfx_flag32_alloc
                0x000051b4       0x48 modules/hal_nordic/nrfx/libmodules__hal_nordic__nrfx.a(nrfx_flag32_allocator.c.obj)
                0x000051b4                nrfx_flag32_alloc
 .text.nrfx_flag32_free
                0x000051fc       0x48 modules/hal_nordic/nrfx/libmodules__hal_nordic__nrfx.a(nrfx_flag32_allocator.c.obj)
                0x000051fc                nrfx_flag32_free
 .text.nrfx_clock_init
                0x00005244       0x28 modules/hal_nordic/nrfx/libmodules__hal_nordic__nrfx.a(nrfx_clock.c.obj)
                0x00005244                nrfx_clock_init
 .text.nrfx_clock_start
                0x0000526c       0x70 modules/hal_nordic/nrfx/libmodules__hal_nordic__nrfx.a(nrfx_clock.c.obj)
                0x0000526c                nrfx_clock_start
 .text.nrfx_clock_stop
                0x000052dc      0x118 modules/hal_nordic/nrfx/libmodules__hal_nordic__nrfx.a(nrfx_clock.c.obj)
                0x000052dc                nrfx_clock_stop
 .text.nrfx_power_clock_irq_handler
                0x000053f4       0x7c modules/hal_nordic/nrfx/libmodules__hal_nordic__nrfx.a(nrfx_clock.c.obj)
                0x000053f4                nrfx_power_clock_irq_handler
 .text.pin_in_use
                0x00005470       0x14 modules/hal_nordic/nrfx/libmodules__hal_nordic__nrfx.a(nrfx_gpiote.c.obj)
 .text.pin_in_use_by_te
                0x00005484       0x14 modules/hal_nordic/nrfx/libmodules__hal_nordic__nrfx.a(nrfx_gpiote.c.obj)
 .text.pin_has_trigger
                0x00005498       0x18 modules/hal_nordic/nrfx/libmodules__hal_nordic__nrfx.a(nrfx_gpiote.c.obj)
 .text.pin_is_output
                0x000054b0       0x14 modules/hal_nordic/nrfx/libmodules__hal_nordic__nrfx.a(nrfx_gpiote.c.obj)
 .text.pin_te_get
                0x000054c4       0x10 modules/hal_nordic/nrfx/libmodules__hal_nordic__nrfx.a(nrfx_gpiote.c.obj)
 .text.handler_in_use
                0x000054d4       0x34 modules/hal_nordic/nrfx/libmodules__hal_nordic__nrfx.a(nrfx_gpiote.c.obj)
 .text.find_handler
                0x00005508       0x2c modules/hal_nordic/nrfx/libmodules__hal_nordic__nrfx.a(nrfx_gpiote.c.obj)
 .text.channel_handler_get
                0x00005534       0x20 modules/hal_nordic/nrfx/libmodules__hal_nordic__nrfx.a(nrfx_gpiote.c.obj)
 .text.call_handler
                0x00005554       0x2c modules/hal_nordic/nrfx/libmodules__hal_nordic__nrfx.a(nrfx_gpiote.c.obj)
 .text.next_sense_cond_call_handler
                0x00005580       0xb4 modules/hal_nordic/nrfx/libmodules__hal_nordic__nrfx.a(nrfx_gpiote.c.obj)
 .text.latch_pending_read_and_check
                0x00005634       0x54 modules/hal_nordic/nrfx/libmodules__hal_nordic__nrfx.a(nrfx_gpiote.c.obj)
 .text.release_handler
                0x00005688       0x44 modules/hal_nordic/nrfx/libmodules__hal_nordic__nrfx.a(nrfx_gpiote.c.obj)
 .text.pin_handler_trigger_uninit
                0x000056cc       0x38 modules/hal_nordic/nrfx/libmodules__hal_nordic__nrfx.a(nrfx_gpiote.c.obj)
 .text.pin_handler_set
                0x00005704       0x6c modules/hal_nordic/nrfx/libmodules__hal_nordic__nrfx.a(nrfx_gpiote.c.obj)
 .text.port_event_handle
                0x00005770       0xc8 modules/hal_nordic/nrfx/libmodules__hal_nordic__nrfx.a(nrfx_gpiote.c.obj)
 .text.gpiote_evt_handle
                0x00005838       0x40 modules/hal_nordic/nrfx/libmodules__hal_nordic__nrfx.a(nrfx_gpiote.c.obj)
 .text.nrfx_gpiote_input_configure
                0x00005878      0x16c modules/hal_nordic/nrfx/libmodules__hal_nordic__nrfx.a(nrfx_gpiote.c.obj)
                0x00005878                nrfx_gpiote_input_configure
 .text.nrfx_gpiote_output_configure
                0x000059e4      0x180 modules/hal_nordic/nrfx/libmodules__hal_nordic__nrfx.a(nrfx_gpiote.c.obj)
                0x000059e4                nrfx_gpiote_output_configure
 .text.nrfx_gpiote_global_callback_set
                0x00005b64        0xc modules/hal_nordic/nrfx/libmodules__hal_nordic__nrfx.a(nrfx_gpiote.c.obj)
                0x00005b64                nrfx_gpiote_global_callback_set
 .text.nrfx_gpiote_channel_get
                0x00005b70       0x30 modules/hal_nordic/nrfx/libmodules__hal_nordic__nrfx.a(nrfx_gpiote.c.obj)
                0x00005b70                nrfx_gpiote_channel_get
 .text.nrfx_gpiote_init
                0x00005ba0       0x54 modules/hal_nordic/nrfx/libmodules__hal_nordic__nrfx.a(nrfx_gpiote.c.obj)
                0x00005ba0                nrfx_gpiote_init
 .text.nrfx_gpiote_is_init
                0x00005bf4       0x14 modules/hal_nordic/nrfx/libmodules__hal_nordic__nrfx.a(nrfx_gpiote.c.obj)
                0x00005bf4                nrfx_gpiote_is_init
 .text.nrfx_gpiote_channel_free
                0x00005c08       0x10 modules/hal_nordic/nrfx/libmodules__hal_nordic__nrfx.a(nrfx_gpiote.c.obj)
                0x00005c08                nrfx_gpiote_channel_free
 .text.nrfx_gpiote_channel_alloc
                0x00005c18       0x10 modules/hal_nordic/nrfx/libmodules__hal_nordic__nrfx.a(nrfx_gpiote.c.obj)
                0x00005c18                nrfx_gpiote_channel_alloc
 .text.nrfx_gpiote_trigger_enable
                0x00005c28       0xc8 modules/hal_nordic/nrfx/libmodules__hal_nordic__nrfx.a(nrfx_gpiote.c.obj)
                0x00005c28                nrfx_gpiote_trigger_enable
 .text.nrfx_gpiote_trigger_disable
                0x00005cf0       0x60 modules/hal_nordic/nrfx/libmodules__hal_nordic__nrfx.a(nrfx_gpiote.c.obj)
                0x00005cf0                nrfx_gpiote_trigger_disable
 .text.nrfx_gpiote_pin_uninit
                0x00005d50       0x48 modules/hal_nordic/nrfx/libmodules__hal_nordic__nrfx.a(nrfx_gpiote.c.obj)
                0x00005d50                nrfx_gpiote_pin_uninit
 .text.nrfx_gpiote_irq_handler
                0x00005d98       0x60 modules/hal_nordic/nrfx/libmodules__hal_nordic__nrfx.a(nrfx_gpiote.c.obj)
                0x00005d98                nrfx_gpiote_irq_handler
 .text.nrfx_ppi_channel_alloc
                0x00005df8       0x10 modules/hal_nordic/nrfx/libmodules__hal_nordic__nrfx.a(nrfx_ppi.c.obj)
                0x00005df8                nrfx_ppi_channel_alloc
 .text._DoInit  0x00005e08       0x6c modules/segger/libmodules__segger.a(SEGGER_RTT.c.obj)
 .text.z_device_state_init
                0x00005e74       0x18 zephyr/kernel/libkernel.a(device.c.obj)
                0x00005e74                z_device_state_init
 .text.z_sys_init_run_level
                0x00005e8c       0x50 zephyr/kernel/libkernel.a(device.c.obj)
                0x00005e8c                z_sys_init_run_level
 .text.init_idle_thread
                0x00005edc       0x70 zephyr/kernel/libkernel.a(init.c.obj)
 .text.prepare_multithreading
                0x00005f4c       0x94 zephyr/kernel/libkernel.a(init.c.obj)
 .text.bg_thread_main
                0x00005fe0       0x34 zephyr/kernel/libkernel.a(init.c.obj)
 .text.switch_to_main_thread
                0x00006014       0x14 zephyr/kernel/libkernel.a(init.c.obj)
 .text.z_bss_zero
                0x00006028       0x18 zephyr/kernel/libkernel.a(init.c.obj)
                0x00006028                z_bss_zero
 .text.z_cstart
                0x00006040       0x84 zephyr/kernel/libkernel.a(init.c.obj)
                0x00006040                z_cstart
 .text.init_mem_slab_module
                0x000060c4       0x24 zephyr/kernel/libkernel.a(mem_slab.c.obj)
 .text.k_mem_slab_alloc
                0x000060e8       0x6c zephyr/kernel/libkernel.a(mem_slab.c.obj)
                0x000060e8                k_mem_slab_alloc
 .text.z_thread_monitor_exit
                0x00006154       0x40 zephyr/kernel/libkernel.a(thread.c.obj)
                0x00006154                z_thread_monitor_exit
 .text.z_impl_k_thread_name_set
                0x00006194       0x24 zephyr/kernel/libkernel.a(thread.c.obj)
                0x00006194                z_impl_k_thread_name_set
 .text.schedule_new_thread
                0x000061b8       0x24 zephyr/kernel/libkernel.a(thread.c.obj)
 .text.z_setup_new_thread
                0x000061dc       0xc8 zephyr/kernel/libkernel.a(thread.c.obj)
                0x000061dc                z_setup_new_thread
 .text.z_init_static_threads
                0x000062a4       0x9c zephyr/kernel/libkernel.a(thread.c.obj)
                0x000062a4                z_init_static_threads
 .text.idle     0x00006340       0x30 zephyr/kernel/libkernel.a(idle.c.obj)
                0x00006340                idle
 .text.z_impl_k_mutex_lock
                0x00006370      0x114 zephyr/kernel/libkernel.a(mutex.c.obj)
                0x00006370                z_impl_k_mutex_lock
 .text.z_impl_k_mutex_unlock
                0x00006484       0x88 zephyr/kernel/libkernel.a(mutex.c.obj)
                0x00006484                z_impl_k_mutex_unlock
 .text.z_impl_k_sem_give
                0x0000650c       0x48 zephyr/kernel/libkernel.a(sem.c.obj)
                0x0000650c                z_impl_k_sem_give
 .text.z_impl_k_sem_take
                0x00006554       0x54 zephyr/kernel/libkernel.a(sem.c.obj)
                0x00006554                z_impl_k_sem_take
 .text.finalize_cancel_locked
                0x000065a8       0x78 zephyr/kernel/libkernel.a(work.c.obj)
 .text.work_queue_main
                0x00006620       0xf0 zephyr/kernel/libkernel.a(work.c.obj)
 .text.k_work_queue_start
                0x00006710       0x7c zephyr/kernel/libkernel.a(work.c.obj)
                0x00006710                k_work_queue_start
 .text.add_thread_timeout
                0x0000678c       0x20 zephyr/kernel/libkernel.a(sched.c.obj)
 .text.z_reset_time_slice
                0x000067ac       0x2c zephyr/kernel/libkernel.a(sched.c.obj)
                0x000067ac                z_reset_time_slice
 .text.k_sched_time_slice_set
                0x000067d8       0x78 zephyr/kernel/libkernel.a(sched.c.obj)
                0x000067d8                k_sched_time_slice_set
 .text.z_reschedule
                0x00006850       0x38 zephyr/kernel/libkernel.a(sched.c.obj)
                0x00006850                z_reschedule
 .text.k_sched_lock
                0x00006888       0x30 zephyr/kernel/libkernel.a(sched.c.obj)
                0x00006888                k_sched_lock
 .text.update_cache
                0x000068b8       0x4c zephyr/kernel/libkernel.a(sched.c.obj)
 .text.move_thread_to_end_of_prio_q
                0x00006904       0x88 zephyr/kernel/libkernel.a(sched.c.obj)
 .text.z_time_slice
                0x0000698c       0x98 zephyr/kernel/libkernel.a(sched.c.obj)
                0x0000698c                z_time_slice
 .text.ready_thread
                0x00006a24       0x80 zephyr/kernel/libkernel.a(sched.c.obj)
 .text.z_sched_start
                0x00006aa4       0x3c zephyr/kernel/libkernel.a(sched.c.obj)
                0x00006aa4                z_sched_start
 .text.unready_thread
                0x00006ae0       0x38 zephyr/kernel/libkernel.a(sched.c.obj)
 .text.z_pend_curr
                0x00006b18       0x28 zephyr/kernel/libkernel.a(sched.c.obj)
                0x00006b18                z_pend_curr
 .text.z_set_prio
                0x00006b40       0xc0 zephyr/kernel/libkernel.a(sched.c.obj)
                0x00006b40                z_set_prio
 .text.z_impl_k_thread_suspend
                0x00006c00       0x84 zephyr/kernel/libkernel.a(sched.c.obj)
                0x00006c00                z_impl_k_thread_suspend
 .text.k_sched_unlock
                0x00006c84       0x4c zephyr/kernel/libkernel.a(sched.c.obj)
                0x00006c84                k_sched_unlock
 .text.end_thread
                0x00006cd0       0x9c zephyr/kernel/libkernel.a(sched.c.obj)
 .text.z_sched_init
                0x00006d6c       0x18 zephyr/kernel/libkernel.a(sched.c.obj)
                0x00006d6c                z_sched_init
 .text.z_impl_k_yield
                0x00006d84       0x88 zephyr/kernel/libkernel.a(sched.c.obj)
                0x00006d84                z_impl_k_yield
 .text.z_tick_sleep
                0x00006e0c       0xa0 zephyr/kernel/libkernel.a(sched.c.obj)
 .text.z_impl_k_sleep
                0x00006eac       0x58 zephyr/kernel/libkernel.a(sched.c.obj)
                0x00006eac                z_impl_k_sleep
 .text.z_impl_z_current_get
                0x00006f04        0xc zephyr/kernel/libkernel.a(sched.c.obj)
                0x00006f04                z_impl_z_current_get
 .text.z_thread_abort
                0x00006f10       0x50 zephyr/kernel/libkernel.a(sched.c.obj)
                0x00006f10                z_thread_abort
 .text.z_sched_wait
                0x00006f60       0x24 zephyr/kernel/libkernel.a(sched.c.obj)
                0x00006f60                z_sched_wait
 .text.z_data_copy
                0x00006f84       0x34 zephyr/kernel/libkernel.a(xip.c.obj)
                0x00006f84                z_data_copy
 .text.first    0x00006fb8       0x14 zephyr/kernel/libkernel.a(timeout.c.obj)
 .text.next     0x00006fcc       0x18 zephyr/kernel/libkernel.a(timeout.c.obj)
 .text.elapsed  0x00006fe4       0x18 zephyr/kernel/libkernel.a(timeout.c.obj)
 .text.next_timeout
                0x00006ffc       0x4c zephyr/kernel/libkernel.a(timeout.c.obj)
 .text.z_add_timeout
                0x00007048      0x154 zephyr/kernel/libkernel.a(timeout.c.obj)
                0x00007048                z_add_timeout
 .text.sys_clock_announce
                0x0000719c       0xc4 zephyr/kernel/libkernel.a(timeout.c.obj)
                0x0000719c                sys_clock_announce
 .text.sys_clock_tick_get
                0x00007260       0x40 zephyr/kernel/libkernel.a(timeout.c.obj)
                0x00007260                sys_clock_tick_get
 .text.boot_banner
                0x000072a0       0x1c zephyr/kernel/libkernel.a(banner.c.obj)
                0x000072a0                boot_banner
 .text.k_sys_work_q_init
                0x000072bc       0x34 zephyr/kernel/libkernel.a(system_work_q.c.obj)
 .text.nrf_cc3xx_platform_init_no_rng
                0x000072f0       0x38 C:/dev/NordicSDK/v1.9.1/nrfxlib/crypto/nrf_cc310_platform/lib/cortex-m4/soft-float/no-interrupts/libnrf_cc310_platform_0.9.13.a(nrf_cc3xx_platform.c.obj)
                0x000072f0                nrf_cc3xx_platform_init_no_rng
 .text.nrf_cc3xx_platform_abort
                0x00007328       0x24 C:/dev/NordicSDK/v1.9.1/nrfxlib/crypto/nrf_cc310_platform/lib/cortex-m4/soft-float/no-interrupts/libnrf_cc310_platform_0.9.13.a(nrf_cc3xx_platform_abort.c.obj)
 .text.CC_PalAbort
                0x0000734c       0x40 C:/dev/NordicSDK/v1.9.1/nrfxlib/crypto/nrf_cc310_platform/lib/cortex-m4/soft-float/no-interrupts/libnrf_cc310_platform_0.9.13.a(nrf_cc3xx_platform_abort.c.obj)
                0x0000734c                CC_PalAbort
 .text.nrf_cc3xx_platform_set_abort
                0x0000738c       0x10 C:/dev/NordicSDK/v1.9.1/nrfxlib/crypto/nrf_cc310_platform/lib/cortex-m4/soft-float/no-interrupts/libnrf_cc310_platform_0.9.13.a(nrf_cc3xx_platform_abort.c.obj)
                0x0000738c                nrf_cc3xx_platform_set_abort
 .text.mutex_free
                0x0000739c       0x28 C:/dev/NordicSDK/v1.9.1/nrfxlib/crypto/nrf_cc310_platform/lib/cortex-m4/soft-float/no-interrupts/libnrf_cc310_platform_0.9.13.a(nrf_cc3xx_platform_mutex.c.obj)
 .text.mutex_unlock
                0x000073c4       0x2c C:/dev/NordicSDK/v1.9.1/nrfxlib/crypto/nrf_cc310_platform/lib/cortex-m4/soft-float/no-interrupts/libnrf_cc310_platform_0.9.13.a(nrf_cc3xx_platform_mutex.c.obj)
 .text.mutex_init
                0x000073f0       0x1c C:/dev/NordicSDK/v1.9.1/nrfxlib/crypto/nrf_cc310_platform/lib/cortex-m4/soft-float/no-interrupts/libnrf_cc310_platform_0.9.13.a(nrf_cc3xx_platform_mutex.c.obj)
 .text.mutex_lock
                0x0000740c       0x44 C:/dev/NordicSDK/v1.9.1/nrfxlib/crypto/nrf_cc310_platform/lib/cortex-m4/soft-float/no-interrupts/libnrf_cc310_platform_0.9.13.a(nrf_cc3xx_platform_mutex.c.obj)
 .text.nrf_cc3xx_platform_set_mutexes
                0x00007450       0x60 C:/dev/NordicSDK/v1.9.1/nrfxlib/crypto/nrf_cc310_platform/lib/cortex-m4/soft-float/no-interrupts/libnrf_cc310_platform_0.9.13.a(nrf_cc3xx_platform_mutex.c.obj)
                0x00007450                nrf_cc3xx_platform_set_mutexes
 .text.CC_LibInitNoRng
                0x000074b0       0x6c C:/dev/NordicSDK/v1.9.1/nrfxlib/crypto/nrf_cc310_platform/lib/cortex-m4/soft-float/no-interrupts/libnrf_cc310_platform_0.9.13.a(cc_lib.c.obj)
                0x000074b0                CC_LibInitNoRng
 .text.CC_HalInit
                0x0000751c        0x4 C:/dev/NordicSDK/v1.9.1/nrfxlib/crypto/nrf_cc310_platform/lib/cortex-m4/soft-float/no-interrupts/libnrf_cc310_platform_0.9.13.a(cc_hal.c.obj)
                0x0000751c                CC_HalInit
 .text.CC_HalTerminate
                0x00007520        0x4 C:/dev/NordicSDK/v1.9.1/nrfxlib/crypto/nrf_cc310_platform/lib/cortex-m4/soft-float/no-interrupts/libnrf_cc310_platform_0.9.13.a(cc_hal.c.obj)
                0x00007520                CC_HalTerminate
 .text.CC_HalMaskInterrupt
                0x00007524        0xc C:/dev/NordicSDK/v1.9.1/nrfxlib/crypto/nrf_cc310_platform/lib/cortex-m4/soft-float/no-interrupts/libnrf_cc310_platform_0.9.13.a(cc_hal.c.obj)
                0x00007524                CC_HalMaskInterrupt
 .text.CC_PalInit
                0x00007530       0x5c C:/dev/NordicSDK/v1.9.1/nrfxlib/crypto/nrf_cc310_platform/lib/cortex-m4/soft-float/no-interrupts/libnrf_cc310_platform_0.9.13.a(cc_pal.c.obj)
                0x00007530                CC_PalInit
 .text.CC_PalTerminate
                0x0000758c       0x34 C:/dev/NordicSDK/v1.9.1/nrfxlib/crypto/nrf_cc310_platform/lib/cortex-m4/soft-float/no-interrupts/libnrf_cc310_platform_0.9.13.a(cc_pal.c.obj)
                0x0000758c                CC_PalTerminate
 .text.CC_PalDmaInit
                0x000075c0        0x4 C:/dev/NordicSDK/v1.9.1/nrfxlib/crypto/nrf_cc310_platform/lib/cortex-m4/soft-float/no-interrupts/libnrf_cc310_platform_0.9.13.a(cc_pal_dma.c.obj)
                0x000075c0                CC_PalDmaInit
 .text.CC_PalDmaTerminate
                0x000075c4        0x4 C:/dev/NordicSDK/v1.9.1/nrfxlib/crypto/nrf_cc310_platform/lib/cortex-m4/soft-float/no-interrupts/libnrf_cc310_platform_0.9.13.a(cc_pal_dma.c.obj)
                0x000075c4                CC_PalDmaTerminate
 .text.CC_PalMutexCreate
                0x000075c8       0x14 C:/dev/NordicSDK/v1.9.1/nrfxlib/crypto/nrf_cc310_platform/lib/cortex-m4/soft-float/no-interrupts/libnrf_cc310_platform_0.9.13.a(cc_pal_mutex.c.obj)
                0x000075c8                CC_PalMutexCreate
 .text.CC_PalMutexDestroy
                0x000075dc       0x14 C:/dev/NordicSDK/v1.9.1/nrfxlib/crypto/nrf_cc310_platform/lib/cortex-m4/soft-float/no-interrupts/libnrf_cc310_platform_0.9.13.a(cc_pal_mutex.c.obj)
                0x000075dc                CC_PalMutexDestroy
 .text.CC_PalPowerSaveModeInit
                0x000075f0       0x3c C:/dev/NordicSDK/v1.9.1/nrfxlib/crypto/nrf_cc310_platform/lib/cortex-m4/soft-float/no-interrupts/libnrf_cc310_platform_0.9.13.a(cc_pal_pm.c.obj)
                0x000075f0                CC_PalPowerSaveModeInit
 .text.CC_PalPowerSaveModeSelect
                0x0000762c       0x84 C:/dev/NordicSDK/v1.9.1/nrfxlib/crypto/nrf_cc310_platform/lib/cortex-m4/soft-float/no-interrupts/libnrf_cc310_platform_0.9.13.a(cc_pal_pm.c.obj)
                0x0000762c                CC_PalPowerSaveModeSelect
 .text.sin      0x000076b0       0xb0 c:/dev/NordicSDK/v1.9.1/toolchain/opt/arm-none-eabi/lib/thumb/v7e-m/nofp\libm.a(lib_a-s_sin.o)
                0x000076b0                sin
 .text.fabs     0x00007760        0x8 c:/dev/NordicSDK/v1.9.1/toolchain/opt/arm-none-eabi/lib/thumb/v7e-m/nofp\libm.a(lib_a-s_fabs.o)
                0x00007760                fabs
 .text.angle_move_servo
                0x00007768       0x1e app/libapp.a(servo_control.c.obj)
                0x00007768                angle_move_servo
 .text.sys_notify_validate
                0x00007786       0x2e zephyr/libzephyr.a(notify.c.obj)
                0x00007786                sys_notify_validate
 .text.sys_notify_finalize
                0x000077b4       0x1a zephyr/libzephyr.a(notify.c.obj)
                0x000077b4                sys_notify_finalize
 .text.arch_printk_char_out
                0x000077ce        0x4 zephyr/libzephyr.a(printk.c.obj)
                0x000077ce                arch_printk_char_out
 .text.str_out  0x000077d2       0x30 zephyr/libzephyr.a(printk.c.obj)
 .text.printk   0x00007802       0x1c zephyr/libzephyr.a(printk.c.obj)
                0x00007802                printk
 .text.snprintk
                0x0000781e       0x1c zephyr/libzephyr.a(printk.c.obj)
                0x0000781e                snprintk
 .text.set_state
                0x0000783a       0x10 zephyr/libzephyr.a(onoff.c.obj)
 .text.notify_monitors
                0x0000784a       0x3e zephyr/libzephyr.a(onoff.c.obj)
 .text.process_recheck
                0x00007888       0x32 zephyr/libzephyr.a(onoff.c.obj)
 .text.process_complete
                0x000078ba       0x9a zephyr/libzephyr.a(onoff.c.obj)
 .text.validate_args
                0x00007954       0x2c zephyr/libzephyr.a(onoff.c.obj)
 .text.notify_one
                0x00007980       0x26 zephyr/libzephyr.a(onoff.c.obj)
 .text.notify_all
                0x000079a6       0x2e zephyr/libzephyr.a(onoff.c.obj)
 .text.transition_complete
                0x000079d4       0x1c zephyr/libzephyr.a(onoff.c.obj)
 .text.onoff_manager_init
                0x000079f0       0x38 zephyr/libzephyr.a(onoff.c.obj)
                0x000079f0                onoff_manager_init
 .text.onoff_request
                0x00007a28       0xb8 zephyr/libzephyr.a(onoff.c.obj)
                0x00007a28                onoff_request
 .text.z_thread_entry
                0x00007ae0       0x14 zephyr/libzephyr.a(thread_entry.c.obj)
                0x00007ae0                z_thread_entry
 .text.outs     0x00007af4       0x34 zephyr/libzephyr.a(cbprintf_complete.c.obj)
 .text._ConfigAbsSyms
                0x00007b28        0x2 zephyr/libzephyr.a(configs.c.obj)
                0x00007b28                _ConfigAbsSyms
 .text.pm_policy_next_state
                0x00007b2a        0xa zephyr/libzephyr.a(residency.c.obj)
                0x00007b2a                pm_policy_next_state
 .text.abort_function
                0x00007b34        0x8 zephyr/libzephyr.a(nrf_cc3xx_platform_abort_zephyr.c.obj)
 .text.z_arm_fatal_error
                0x00007b3c        0x8 zephyr/arch/arch/arm/core/aarch32/libarch__arm__core__aarch32.a(fatal.c.obj)
                0x00007b3c                z_arm_fatal_error
 .text.z_do_kernel_oops
                0x00007b44        0xc zephyr/arch/arch/arm/core/aarch32/libarch__arm__core__aarch32.a(fatal.c.obj)
                0x00007b44                z_do_kernel_oops
 .text.z_irq_spurious
                0x00007b50        0xc zephyr/arch/arch/arm/core/aarch32/libarch__arm__core__aarch32.a(irq_manage.c.obj)
                0x00007b50                z_irq_spurious
 .text.z_arm_nmi
                0x00007b5c        0xc zephyr/arch/arch/arm/core/aarch32/libarch__arm__core__aarch32.a(nmi.c.obj)
                0x00007b5c                z_arm_nmi
 .text.memory_fault_recoverable
                0x00007b68        0x4 zephyr/arch/arch/arm/core/aarch32/cortex_m/libarch__arm__core__aarch32__cortex_m.a(fault.c.obj)
 .text.debug_monitor
                0x00007b6c        0x6 zephyr/arch/arch/arm/core/aarch32/cortex_m/libarch__arm__core__aarch32__cortex_m.a(fault.c.obj)
 .text.fault_handle
                0x00007b72       0x46 zephyr/arch/arch/arm/core/aarch32/cortex_m/libarch__arm__core__aarch32__cortex_m.a(fault.c.obj)
 .text.mpu_partition_is_valid
                0x00007bb8       0x22 zephyr/arch/arch/arm/core/aarch32/mpu/libarch__arm__core__aarch32__mpu.a(arm_mpu.c.obj)
 .text.region_allocate_and_init
                0x00007bda       0x16 zephyr/arch/arch/arm/core/aarch32/mpu/libarch__arm__core__aarch32__mpu.a(arm_mpu.c.obj)
 .text.mpu_configure_region
                0x00007bf0       0x3e zephyr/arch/arch/arm/core/aarch32/mpu/libarch__arm__core__aarch32__mpu.a(arm_mpu.c.obj)
 .text.mpu_configure_regions
                0x00007c2e       0x50 zephyr/arch/arch/arm/core/aarch32/mpu/libarch__arm__core__aarch32__mpu.a(arm_mpu.c.obj)
 .text.arm_core_mpu_configure_static_mpu_regions
                0x00007c7e        0x8 zephyr/arch/arch/arm/core/aarch32/mpu/libarch__arm__core__aarch32__mpu.a(arm_mpu.c.obj)
                0x00007c7e                arm_core_mpu_configure_static_mpu_regions
 .text.arm_core_mpu_configure_dynamic_mpu_regions
                0x00007c86        0x8 zephyr/arch/arch/arm/core/aarch32/mpu/libarch__arm__core__aarch32__mpu.a(arm_mpu.c.obj)
                0x00007c86                arm_core_mpu_configure_dynamic_mpu_regions
 .text.malloc_prepare
                0x00007c8e        0x4 zephyr/lib/libc/newlib/liblib__libc__newlib.a(libc-hooks.c.obj)
 .text._stdout_hook_default
                0x00007c92        0x6 zephyr/lib/libc/newlib/liblib__libc__newlib.a(libc-hooks.c.obj)
 .text.pm_power_state_set
                0x00007c98       0x26 zephyr/soc/arm/nordic_nrf/nrf52/libsoc__arm__nordic_nrf__nrf52.a(power.c.obj)
                0x00007c98                pm_power_state_set
 .text.pm_power_state_exit_post_ops
                0x00007cbe       0x16 zephyr/soc/arm/nordic_nrf/nrf52/libsoc__arm__nordic_nrf__nrf52.a(power.c.obj)
                0x00007cbe                pm_power_state_exit_post_ops
 .text.get_sub_data
                0x00007cd4        0xe zephyr/drivers/clock_control/libdrivers__clock_control.a(clock_control_nrf.c.obj)
 .text.get_sub_config
                0x00007ce2        0x8 zephyr/drivers/clock_control/libdrivers__clock_control.a(clock_control_nrf.c.obj)
 .text.get_onoff_manager
                0x00007cea        0xc zephyr/drivers/clock_control/libdrivers__clock_control.a(clock_control_nrf.c.obj)
 .text.get_status
                0x00007cf6       0x10 zephyr/drivers/clock_control/libdrivers__clock_control.a(clock_control_nrf.c.obj)
 .text.set_off_state
                0x00007d06       0x32 zephyr/drivers/clock_control/libdrivers__clock_control.a(clock_control_nrf.c.obj)
 .text.set_starting_state
                0x00007d38       0x40 zephyr/drivers/clock_control/libdrivers__clock_control.a(clock_control_nrf.c.obj)
 .text.set_on_state
                0x00007d78       0x26 zephyr/drivers/clock_control/libdrivers__clock_control.a(clock_control_nrf.c.obj)
 .text.clkstarted_handle
                0x00007d9e       0x24 zephyr/drivers/clock_control/libdrivers__clock_control.a(clock_control_nrf.c.obj)
 .text.stop     0x00007dc2       0x2a zephyr/drivers/clock_control/libdrivers__clock_control.a(clock_control_nrf.c.obj)
 .text.api_stop
                0x00007dec        0xa zephyr/drivers/clock_control/libdrivers__clock_control.a(clock_control_nrf.c.obj)
 .text.async_start
                0x00007df6       0x38 zephyr/drivers/clock_control/libdrivers__clock_control.a(clock_control_nrf.c.obj)
 .text.api_start
                0x00007e2e       0x10 zephyr/drivers/clock_control/libdrivers__clock_control.a(clock_control_nrf.c.obj)
 .text.onoff_started_callback
                0x00007e3e       0x10 zephyr/drivers/clock_control/libdrivers__clock_control.a(clock_control_nrf.c.obj)
 .text.hfclk_start
                0x00007e4e        0xa zephyr/drivers/clock_control/libdrivers__clock_control.a(clock_control_nrf.c.obj)
 .text.lfclk_start
                0x00007e58        0xa zephyr/drivers/clock_control/libdrivers__clock_control.a(clock_control_nrf.c.obj)
 .text.hfclk_stop
                0x00007e62        0xa zephyr/drivers/clock_control/libdrivers__clock_control.a(clock_control_nrf.c.obj)
 .text.lfclk_stop
                0x00007e6c        0xa zephyr/drivers/clock_control/libdrivers__clock_control.a(clock_control_nrf.c.obj)
 .text.blocking_start_callback
                0x00007e76        0xa zephyr/drivers/clock_control/libdrivers__clock_control.a(clock_control_nrf.c.obj)
 .text.get_pull
                0x00007e80       0x18 zephyr/drivers/gpio/libdrivers__gpio.a(gpio_nrfx.c.obj)
 .text.gpio_nrfx_port_get_raw
                0x00007e98        0xe zephyr/drivers/gpio/libdrivers__gpio.a(gpio_nrfx.c.obj)
 .text.gpio_nrfx_port_set_masked_raw
                0x00007ea6       0x16 zephyr/drivers/gpio/libdrivers__gpio.a(gpio_nrfx.c.obj)
 .text.gpio_nrfx_port_set_bits_raw
                0x00007ebc        0xc zephyr/drivers/gpio/libdrivers__gpio.a(gpio_nrfx.c.obj)
 .text.gpio_nrfx_port_clear_bits_raw
                0x00007ec8        0xc zephyr/drivers/gpio/libdrivers__gpio.a(gpio_nrfx.c.obj)
 .text.gpio_nrfx_port_toggle_bits
                0x00007ed4       0x12 zephyr/drivers/gpio/libdrivers__gpio.a(gpio_nrfx.c.obj)
 .text.get_trigger
                0x00007ee6       0x2c zephyr/drivers/gpio/libdrivers__gpio.a(gpio_nrfx.c.obj)
 .text.gpio_nrfx_manage_callback
                0x00007f12       0x64 zephyr/drivers/gpio/libdrivers__gpio.a(gpio_nrfx.c.obj)
 .text.nrfx_gpio_handler
                0x00007f76       0x48 zephyr/drivers/gpio/libdrivers__gpio.a(gpio_nrfx.c.obj)
 .text.endtx_isr
                0x00007fbe       0x32 zephyr/drivers/serial/libdrivers__serial.a(uart_nrfx_uarte.c.obj)
 .text.uarte_nrfx_isr_int
                0x00007ff0       0x56 zephyr/drivers/serial/libdrivers__serial.a(uart_nrfx_uarte.c.obj)
 .text.uarte_nrfx_configure
                0x00008046       0xa6 zephyr/drivers/serial/libdrivers__serial.a(uart_nrfx_uarte.c.obj)
 .text.uarte_nrfx_config_get
                0x000080ec       0x10 zephyr/drivers/serial/libdrivers__serial.a(uart_nrfx_uarte.c.obj)
 .text.uarte_nrfx_err_check
                0x000080fc        0xe zephyr/drivers/serial/libdrivers__serial.a(uart_nrfx_uarte.c.obj)
 .text.is_tx_ready
                0x0000810a       0x28 zephyr/drivers/serial/libdrivers__serial.a(uart_nrfx_uarte.c.obj)
 .text.uarte_enable
                0x00008132        0xc zephyr/drivers/serial/libdrivers__serial.a(uart_nrfx_uarte.c.obj)
 .text.tx_start
                0x0000813e       0x40 zephyr/drivers/serial/libdrivers__serial.a(uart_nrfx_uarte.c.obj)
 .text.uarte_nrfx_poll_in
                0x0000817e       0x2a zephyr/drivers/serial/libdrivers__serial.a(uart_nrfx_uarte.c.obj)
 .text.wait_tx_ready
                0x000081a8       0x4e zephyr/drivers/serial/libdrivers__serial.a(uart_nrfx_uarte.c.obj)
 .text.uarte_instance_init
                0x000081f6       0x94 zephyr/drivers/serial/libdrivers__serial.a(uart_nrfx_uarte.c.obj)
 .text.uarte_0_init
                0x0000828a       0x1e zephyr/drivers/serial/libdrivers__serial.a(uart_nrfx_uarte.c.obj)
 .text.uarte_1_init
                0x000082a8       0x1e zephyr/drivers/serial/libdrivers__serial.a(uart_nrfx_uarte.c.obj)
 .text.sys_clock_idle_exit
                0x000082c6        0x2 zephyr/drivers/timer/libdrivers__timer.a(sys_clock_init.c.obj)
                0x000082c6                sys_clock_idle_exit
 .text.counter_sub
                0x000082c8        0x8 zephyr/drivers/timer/libdrivers__timer.a(nrf_rtc_timer.c.obj)
 .text.event_clear
                0x000082d0       0x18 zephyr/drivers/timer/libdrivers__timer.a(nrf_rtc_timer.c.obj)
 .text.absolute_time_to_cc
                0x000082e8        0x6 zephyr/drivers/timer/libdrivers__timer.a(nrf_rtc_timer.c.obj)
 .text.full_int_lock
                0x000082ee       0x12 zephyr/drivers/timer/libdrivers__timer.a(nrf_rtc_timer.c.obj)
 .text.full_int_unlock
                0x00008300        0xa zephyr/drivers/timer/libdrivers__timer.a(nrf_rtc_timer.c.obj)
 .text.set_absolute_alarm
                0x0000830a       0x76 zephyr/drivers/timer/libdrivers__timer.a(nrf_rtc_timer.c.obj)
 .text.compare_set
                0x00008380       0x32 zephyr/drivers/timer/libdrivers__timer.a(nrf_rtc_timer.c.obj)
 .text.k_sys_fatal_error_handler
                0x000083b2        0x8 modules/nrf/lib/fatal_error/lib..__nrf__lib__fatal_error.a(fatal_error.c.obj)
                0x000083b2                k_sys_fatal_error_handler
 .text.hw_cc3xx_init_internal
                0x000083ba        0x8 modules/nrf/drivers/hw_cc310/lib..__nrf__drivers__hw_cc310.a(hw_cc310.c.obj)
 .text.hw_cc3xx_init
                0x000083c2       0x14 modules/nrf/drivers/hw_cc310/lib..__nrf__drivers__hw_cc310.a(hw_cc310.c.obj)
 .text.nrfx_isr
                0x000083d6        0x6 modules/hal_nordic/nrfx/libmodules__hal_nordic__nrfx.a(nrfx_glue.c.obj)
                0x000083d6                nrfx_isr
 .text.nrfx_busy_wait
                0x000083dc        0x8 modules/hal_nordic/nrfx/libmodules__hal_nordic__nrfx.a(nrfx_glue.c.obj)
                0x000083dc                nrfx_busy_wait
 .text.nrfx_clock_enable
                0x000083e4       0x12 modules/hal_nordic/nrfx/libmodules__hal_nordic__nrfx.a(nrfx_clock.c.obj)
                0x000083e4                nrfx_clock_enable
 .text.pin_is_task_output
                0x000083f6       0x1e modules/hal_nordic/nrfx/libmodules__hal_nordic__nrfx.a(nrfx_gpiote.c.obj)
 .text.pin_is_input
                0x00008414        0xe modules/hal_nordic/nrfx/libmodules__hal_nordic__nrfx.a(nrfx_gpiote.c.obj)
 .text.gpiote_polarity_to_trigger
                0x00008422        0x2 modules/hal_nordic/nrfx/libmodules__hal_nordic__nrfx.a(nrfx_gpiote.c.obj)
 .text.gpiote_trigger_to_polarity
                0x00008424        0x2 modules/hal_nordic/nrfx/libmodules__hal_nordic__nrfx.a(nrfx_gpiote.c.obj)
 .text.is_level
                0x00008426        0xa modules/hal_nordic/nrfx/libmodules__hal_nordic__nrfx.a(nrfx_gpiote.c.obj)
 .text.SEGGER_RTT_Init
                0x00008430        0x8 modules/segger/libmodules__segger.a(SEGGER_RTT.c.obj)
                0x00008430                SEGGER_RTT_Init
 .text.rtt_init
                0x00008438        0xa modules/segger/libmodules__segger.a(SEGGER_RTT_zephyr.c.obj)
 .text.z_device_ready
                0x00008442       0x1a zephyr/kernel/libkernel.a(device.c.obj)
                0x00008442                z_device_ready
 .text.z_fatal_error
                0x0000845c       0x34 zephyr/kernel/libkernel.a(fatal.c.obj)
                0x0000845c                z_fatal_error
 .text.create_free_list
                0x00008490       0x2e zephyr/kernel/libkernel.a(mem_slab.c.obj)
 .text.k_mem_slab_init
                0x000084be       0x1c zephyr/kernel/libkernel.a(mem_slab.c.obj)
                0x000084be                k_mem_slab_init
 .text.k_mem_slab_free
                0x000084da       0x58 zephyr/kernel/libkernel.a(mem_slab.c.obj)
                0x000084da                k_mem_slab_free
 .text.setup_thread_stack
                0x00008532       0x24 zephyr/kernel/libkernel.a(thread.c.obj)
 .text.k_is_in_isr
                0x00008556        0xc zephyr/kernel/libkernel.a(thread.c.obj)
                0x00008556                k_is_in_isr
 .text.z_impl_k_thread_start
                0x00008562        0x8 zephyr/kernel/libkernel.a(thread.c.obj)
                0x00008562                z_impl_k_thread_start
 .text.z_init_thread_base
                0x0000856a       0x16 zephyr/kernel/libkernel.a(thread.c.obj)
                0x0000856a                z_init_thread_base
 .text.z_impl_k_thread_create
                0x00008580       0x44 zephyr/kernel/libkernel.a(thread.c.obj)
                0x00008580                z_impl_k_thread_create
 .text.z_pm_save_idle_exit
                0x000085c4        0xc zephyr/kernel/libkernel.a(idle.c.obj)
                0x000085c4                z_pm_save_idle_exit
 .text.new_prio_for_inheritance
                0x000085d0       0x16 zephyr/kernel/libkernel.a(mutex.c.obj)
 .text.adjust_owner_prio
                0x000085e6       0x16 zephyr/kernel/libkernel.a(mutex.c.obj)
 .text.z_impl_k_mutex_init
                0x000085fc        0xe zephyr/kernel/libkernel.a(mutex.c.obj)
                0x000085fc                z_impl_k_mutex_init
 .text.thread_active_elsewhere
                0x0000860a        0x4 zephyr/kernel/libkernel.a(sched.c.obj)
 .text.pended_on_thread
                0x0000860e        0x4 zephyr/kernel/libkernel.a(sched.c.obj)
 .text.z_sched_prio_cmp
                0x00008612       0x14 zephyr/kernel/libkernel.a(sched.c.obj)
                0x00008612                z_sched_prio_cmp
 .text.z_reschedule_irqlock
                0x00008626       0x2a zephyr/kernel/libkernel.a(sched.c.obj)
                0x00008626                z_reschedule_irqlock
 .text.z_priq_dumb_remove
                0x00008650       0x10 zephyr/kernel/libkernel.a(sched.c.obj)
                0x00008650                z_priq_dumb_remove
 .text.z_priq_dumb_best
                0x00008660        0xe zephyr/kernel/libkernel.a(sched.c.obj)
                0x00008660                z_priq_dumb_best
 .text.z_ready_thread
                0x0000866e       0x38 zephyr/kernel/libkernel.a(sched.c.obj)
                0x0000866e                z_ready_thread
 .text.z_thread_timeout
                0x000086a6       0x68 zephyr/kernel/libkernel.a(sched.c.obj)
                0x000086a6                z_thread_timeout
 .text.add_to_waitq_locked
                0x0000870e       0x54 zephyr/kernel/libkernel.a(sched.c.obj)
 .text.pend     0x00008762       0x42 zephyr/kernel/libkernel.a(sched.c.obj)
 .text.z_unpend_first_thread
                0x000087a4       0x56 zephyr/kernel/libkernel.a(sched.c.obj)
                0x000087a4                z_unpend_first_thread
 .text.init_ready_q
                0x000087fa        0x8 zephyr/kernel/libkernel.a(sched.c.obj)
                0x000087fa                init_ready_q
 .text.z_sched_wake
                0x00008802       0x6e zephyr/kernel/libkernel.a(sched.c.obj)
                0x00008802                z_sched_wake
 .text.remove_timeout
                0x00008870       0x2e zephyr/kernel/libkernel.a(timeout.c.obj)
 .text.z_abort_timeout
                0x0000889e       0x3c zephyr/kernel/libkernel.a(timeout.c.obj)
                0x0000889e                z_abort_timeout
 .text.z_get_next_timeout_expiry
                0x000088da       0x2c zephyr/kernel/libkernel.a(timeout.c.obj)
                0x000088da                z_get_next_timeout_expiry
 .text.z_set_timeout_expiry
                0x00008906       0x56 zephyr/kernel/libkernel.a(timeout.c.obj)
                0x00008906                z_set_timeout_expiry
 .text.sys_clock_tick_get_32
                0x0000895c        0x8 zephyr/kernel/libkernel.a(timeout.c.obj)
                0x0000895c                sys_clock_tick_get_32
 .text.z_impl_k_busy_wait
                0x00008964        0xc zephyr/kernel/libkernel.a(timeout.c.obj)
                0x00008964                z_impl_k_busy_wait
 .text._OffsetAbsSyms
                0x00008970        0x2 zephyr/CMakeFiles/offsets.dir/./arch/arm/core/offsets/offsets.c.obj
                0x00008970                _OffsetAbsSyms
 .text.memcpy   0x00008972       0x1c c:/dev/NordicSDK/v1.9.1/toolchain/opt/arm-none-eabi/lib/thumb/v7e-m/nofp\libc_nano.a(lib_a-memcpy-stub.o)
                0x00008972                memcpy
 .text.memset   0x0000898e       0x10 c:/dev/NordicSDK/v1.9.1/toolchain/opt/arm-none-eabi/lib/thumb/v7e-m/nofp\libc_nano.a(lib_a-memset.o)
                0x0000898e                memset
 .text.strncpy  0x0000899e       0x26 c:/dev/NordicSDK/v1.9.1/toolchain/opt/arm-none-eabi/lib/thumb/v7e-m/nofp\libc_nano.a(lib_a-strncpy.o)
                0x0000899e                strncpy
 .text.strnlen  0x000089c4       0x1a c:/dev/NordicSDK/v1.9.1/toolchain/opt/arm-none-eabi/lib/thumb/v7e-m/nofp\libc_nano.a(lib_a-strnlen.o)
                0x000089c4                strnlen
 *(SORT_BY_ALIGNMENT(.TEXT.*))
 *fill*         0x000089de        0x2 
 .TEXT.z_arm_platform_init
                0x000089e0        0x4 zephyr/libzephyr.a(soc_nrf_common.S.obj)
                0x000089e0                z_arm_platform_init
 *(SORT_BY_ALIGNMENT(.gnu.linkonce.t.*))
 *(SORT_BY_ALIGNMENT(.glue_7t))
 .glue_7t       0x000089e4        0x0 linker stubs
 *(SORT_BY_ALIGNMENT(.glue_7))
 .glue_7        0x000089e4        0x0 linker stubs
 *(SORT_BY_ALIGNMENT(.vfp11_veneer))
 .vfp11_veneer  0x000089e4        0x0 linker stubs
 *(SORT_BY_ALIGNMENT(.v4_bx))
 .v4_bx         0x000089e4        0x0 linker stubs
                0x000089e4                __text_region_end = .

.ARM.exidx      0x000089e4        0x8
                0x000089e4                __exidx_start = .
 *(SORT_BY_ALIGNMENT(.ARM.exidx*) SORT_BY_ALIGNMENT(gnu.linkonce.armexidx.*))
 .ARM.exidx     0x000089e4        0x8 c:/dev/nordicsdk/v1.9.1/toolchain/opt/bin/../lib/gcc/arm-none-eabi/9.2.1/thumb/v7e-m/nofp\libgcc.a(_udivmoddi4.o)
                0x000089ec                __exidx_end = .
                0x000089ec                __rodata_region_start = .

initlevel       0x000089ec       0x70
                0x000089ec                __init_start = .
                0x000089ec                __init_PRE_KERNEL_1_start = .
 *(SORT_BY_NAME(SORT_BY_ALIGNMENT(.z_init_PRE_KERNEL_1[0-9]_*)))
 .z_init_PRE_KERNEL_10_
                0x000089ec        0x8 zephyr/soc/arm/nordic_nrf/nrf52/libsoc__arm__nordic_nrf__nrf52.a(soc.c.obj)
 *(SORT_BY_NAME(SORT_BY_ALIGNMENT(.z_init_PRE_KERNEL_1[1-9][0-9]_*)))
 .z_init_PRE_KERNEL_130_
                0x000089f4        0x8 zephyr/drivers/clock_control/libdrivers__clock_control.a(clock_control_nrf.c.obj)
 .z_init_PRE_KERNEL_130_
                0x000089fc        0x8 modules/segger/libmodules__segger.a(SEGGER_RTT_zephyr.c.obj)
 .z_init_PRE_KERNEL_130_
                0x00008a04        0x8 zephyr/kernel/libkernel.a(mem_slab.c.obj)
 .z_init_PRE_KERNEL_140_
                0x00008a0c       0x10 zephyr/drivers/gpio/libdrivers__gpio.a(gpio_nrfx.c.obj)
 .z_init_PRE_KERNEL_140_
                0x00008a1c        0x8 modules/nrf/drivers/hw_cc310/lib..__nrf__drivers__hw_cc310.a(hw_cc310.c.obj)
 .z_init_PRE_KERNEL_155_
                0x00008a24       0x10 zephyr/drivers/serial/libdrivers__serial.a(uart_nrfx_uarte.c.obj)
 .z_init_PRE_KERNEL_160_
                0x00008a34        0x8 zephyr/drivers/console/libdrivers__console.a(uart_console.c.obj)
                0x00008a3c                __init_PRE_KERNEL_2_start = .
 *(SORT_BY_NAME(SORT_BY_ALIGNMENT(.z_init_PRE_KERNEL_2[0-9]_*)))
 .z_init_PRE_KERNEL_20_
                0x00008a3c        0x8 zephyr/drivers/timer/libdrivers__timer.a(nrf_rtc_timer.c.obj)
 *(SORT_BY_NAME(SORT_BY_ALIGNMENT(.z_init_PRE_KERNEL_2[1-9][0-9]_*)))
                0x00008a44                __init_POST_KERNEL_start = .
 *(SORT_BY_NAME(SORT_BY_ALIGNMENT(.z_init_POST_KERNEL[0-9]_*)))
 *(SORT_BY_NAME(SORT_BY_ALIGNMENT(.z_init_POST_KERNEL[1-9][0-9]_*)))
 .z_init_POST_KERNEL40_
                0x00008a44        0x8 modules/nrf/drivers/hw_cc310/lib..__nrf__drivers__hw_cc310.a(hw_cc310.c.obj)
 .z_init_POST_KERNEL40_
                0x00008a4c        0x8 zephyr/kernel/libkernel.a(system_work_q.c.obj)
                0x00008a54                __init_APPLICATION_start = .
 *(SORT_BY_NAME(SORT_BY_ALIGNMENT(.z_init_APPLICATION[0-9]_*)))
 *(SORT_BY_NAME(SORT_BY_ALIGNMENT(.z_init_APPLICATION[1-9][0-9]_*)))
 .z_init_APPLICATION40_
                0x00008a54        0x8 zephyr/lib/libc/newlib/liblib__libc__newlib.a(libc-hooks.c.obj)
                0x00008a5c                __init_SMP_start = .
 *(SORT_BY_NAME(SORT_BY_ALIGNMENT(.z_init_SMP[0-9]_*)))
 *(SORT_BY_NAME(SORT_BY_ALIGNMENT(.z_init_SMP[1-9][0-9]_*)))
                0x00008a5c                __init_end = .

devices         0x00008a5c       0x78
                0x00008a5c                __device_start = .
                0x00008a5c                __device_PRE_KERNEL_1_start = .
 *(SORT_BY_NAME(SORT_BY_ALIGNMENT(.z_device_PRE_KERNEL_1[0-9]_*)))
 *(SORT_BY_NAME(SORT_BY_ALIGNMENT(.z_device_PRE_KERNEL_1[1-9][0-9]_*)))
 .z_device_PRE_KERNEL_130_
                0x00008a5c       0x18 zephyr/drivers/clock_control/libdrivers__clock_control.a(clock_control_nrf.c.obj)
                0x00008a5c                __device_dts_ord_27
 .z_device_PRE_KERNEL_140_
                0x00008a74       0x30 zephyr/drivers/gpio/libdrivers__gpio.a(gpio_nrfx.c.obj)
                0x00008a74                __device_dts_ord_54
                0x00008a8c                __device_dts_ord_11
 .z_device_PRE_KERNEL_155_
                0x00008aa4       0x30 zephyr/drivers/serial/libdrivers__serial.a(uart_nrfx_uarte.c.obj)
                0x00008aa4                __device_dts_ord_63
                0x00008abc                __device_dts_ord_62
                0x00008ad4                __device_PRE_KERNEL_2_start = .
 *(SORT_BY_NAME(SORT_BY_ALIGNMENT(.z_device_PRE_KERNEL_2[0-9]_*)))
 *(SORT_BY_NAME(SORT_BY_ALIGNMENT(.z_device_PRE_KERNEL_2[1-9][0-9]_*)))
                0x00008ad4                __device_POST_KERNEL_start = .
 *(SORT_BY_NAME(SORT_BY_ALIGNMENT(.z_device_POST_KERNEL[0-9]_*)))
 *(SORT_BY_NAME(SORT_BY_ALIGNMENT(.z_device_POST_KERNEL[1-9][0-9]_*)))
                0x00008ad4                __device_APPLICATION_start = .
 *(SORT_BY_NAME(SORT_BY_ALIGNMENT(.z_device_APPLICATION[0-9]_*)))
 *(SORT_BY_NAME(SORT_BY_ALIGNMENT(.z_device_APPLICATION[1-9][0-9]_*)))
                0x00008ad4                __device_SMP_start = .
 *(SORT_BY_NAME(SORT_BY_ALIGNMENT(.z_device_SMP[0-9]_*)))
 *(SORT_BY_NAME(SORT_BY_ALIGNMENT(.z_device_SMP[1-9][0-9]_*)))
                0x00008ad4                __device_end = .

sw_isr_table    0x00008ad4      0x180
                0x00008ad4                . = ALIGN (0x0)
 *(SORT_BY_ALIGNMENT(.gnu.linkonce.sw_isr_table*))
 .gnu.linkonce.sw_isr_table
                0x00008ad4      0x180 zephyr/CMakeFiles/zephyr_final.dir/isr_tables.c.obj
                0x00008ad4                _sw_isr_table

initlevel_error
                0x000089ec        0x0
 *(SORT_BY_NAME(SORT_BY_ALIGNMENT(.z_init_[_A-Z0-9]*)))
                0x00000001                ASSERT ((SIZEOF (initlevel_error) == 0x0), Undefined initialization levels used.)

app_shmem_regions
                0x00008c54        0x0
                0x00008c54                __app_shmem_regions_start = .
 *(SORT_BY_NAME(SORT_BY_ALIGNMENT(.app_regions.*)))
                0x00008c54                __app_shmem_regions_end = .

bt_l2cap_fixed_chan_area
                0x00008c54        0x0
                0x00008c54                _bt_l2cap_fixed_chan_list_start = .
 *(SORT_BY_NAME(SORT_BY_ALIGNMENT(._bt_l2cap_fixed_chan.static.*)))
                0x00008c54                _bt_l2cap_fixed_chan_list_end = .

bt_gatt_service_static_area
                0x00008c54        0x0
                0x00008c54                _bt_gatt_service_static_list_start = .
 *(SORT_BY_NAME(SORT_BY_ALIGNMENT(._bt_gatt_service_static.static.*)))
                0x00008c54                _bt_gatt_service_static_list_end = .

k_p4wq_initparam_area
                0x00008c54        0x0
                0x00008c54                _k_p4wq_initparam_list_start = .
 *(SORT_BY_NAME(SORT_BY_ALIGNMENT(._k_p4wq_initparam.static.*)))
                0x00008c54                _k_p4wq_initparam_list_end = .

log_strings_sections
                0x00008c54        0x0
                0x00008c54                __log_strings_start = .
 *(SORT_BY_NAME(SORT_BY_ALIGNMENT(.log_strings*)))
                0x00008c54                __log_strings_end = .

log_const_sections
                0x00008c54        0x0
                0x00008c54                __log_const_start = .
 *(SORT_BY_NAME(SORT_BY_ALIGNMENT(.log_const_*)))
                0x00008c54                __log_const_end = .

log_backends_sections
                0x00008c54        0x0
                0x00008c54                __log_backends_start = .
 *(SORT_BY_ALIGNMENT(._log_backend.*))
                0x00008c54                __log_backends_end = .

shell_area      0x00008c54        0x0
                0x00008c54                _shell_list_start = .
 *(SORT_BY_NAME(SORT_BY_ALIGNMENT(._shell.static.*)))
                0x00008c54                _shell_list_end = .

shell_root_cmds_sections
                0x00008c54        0x0
                0x00008c54                __shell_root_cmds_start = .
 *(SORT_BY_NAME(SORT_BY_ALIGNMENT(.shell_root_cmd_*)))
                0x00008c54                __shell_root_cmds_end = .

font_entry_sections
                0x00008c54        0x0
                0x00008c54                __font_entry_start = .
 *(SORT_BY_NAME(SORT_BY_ALIGNMENT(._cfb_font.*)))
                0x00008c54                __font_entry_end = .

tracing_backend_area
                0x00008c54        0x0
                0x00008c54                _tracing_backend_list_start = .
 *(SORT_BY_NAME(SORT_BY_ALIGNMENT(._tracing_backend.static.*)))
                0x00008c54                _tracing_backend_list_end = .

zephyr_dbg_info
                0x00008c54       0x3c
 *(SORT_BY_ALIGNMENT(.dbg_thread_info))
 .dbg_thread_info
                0x00008c54       0x3c zephyr/libzephyr.a(thread_info.c.obj)
                0x00008c54                _kernel_openocd_size_t_size
                0x00008c54                _kernel_thread_info_size_t_size
                0x00008c58                _kernel_openocd_num_offsets
                0x00008c58                _kernel_thread_info_num_offsets
                0x00008c5c                _kernel_openocd_offsets
                0x00008c5c                _kernel_thread_info_offsets

device_handles  0x00008c90       0x1e
                0x00008c90                __device_handles_start = .
 *(SORT_BY_NAME(SORT_BY_ALIGNMENT(.__device_handles_pass2*)))
 .__device_handles_pass2
                0x00008c90       0x1e zephyr/CMakeFiles/zephyr_final.dir/dev_handles.c.obj
                0x00008c90                __devicehdl_DT_N_S_soc_S_uart_40002000
                0x00008c96                __devicehdl_DT_N_S_soc_S_uart_40028000
                0x00008c9c                __devicehdl_DT_N_S_soc_S_gpio_50000000
                0x00008ca2                __devicehdl_DT_N_S_soc_S_gpio_50000300
                0x00008ca8                __devicehdl_DT_N_S_soc_S_clock_40000000
                0x00008cae                __device_handles_end = .

rodata          0x00008cb0      0x69c
 *(SORT_BY_ALIGNMENT(.rodata))
 .rodata        0x00008cb0        0x8 modules/hal_nordic/nrfx/libmodules__hal_nordic__nrfx.a(nrfx_gpiote.c.obj)
 *(SORT_BY_ALIGNMENT(.rodata.*))
 *fill*         0x00008cb8        0x8 
 .rodata.delay_machine_code.12663
                0x00008cc0        0x6 zephyr/soc/arm/nordic_nrf/nrf52/libsoc__arm__nordic_nrf__nrf52.a(soc.c.obj)
 *fill*         0x00008cc6        0x2 
 .rodata.PIo2   0x00008cc8       0x40 c:/dev/NordicSDK/v1.9.1/toolchain/opt/arm-none-eabi/lib/thumb/v7e-m/nofp\libm.a(lib_a-k_rem_pio2.o)
 .rodata.main.str1.4
                0x00008d08        0x9 app/libapp.a(main.c.obj)
 *fill*         0x00008d11        0x3 
 .rodata.timer_init.str1.4
                0x00008d14       0x14 app/libapp.a(servo_control.c.obj)
 .rodata.timer_start.str1.4
                0x00008d28       0x10 app/libapp.a(servo_control.c.obj)
 .rodata.servo_init.str1.4
                0x00008d38       0x2a app/libapp.a(servo_control.c.obj)
 *fill*         0x00008d62        0x2 
 .rodata.raw_move_servo.str1.4
                0x00008d64       0x12 app/libapp.a(servo_control.c.obj)
 *fill*         0x00008d76        0x2 
 .rodata.pwmN_gpiote_ch
                0x00008d78       0x10 app/libapp.a(servo_control.c.obj)
 .rodata.pwmN_ppi_ch_a
                0x00008d88       0x10 app/libapp.a(servo_control.c.obj)
 .rodata.pwmN_ppi_ch_b
                0x00008d98       0x10 app/libapp.a(servo_control.c.obj)
 .rodata.pwmN_timer_cc_num
                0x00008da8       0x10 app/libapp.a(servo_control.c.obj)
 .rodata.cbvprintf.str1.4
                0x00008db8        0x6 zephyr/libzephyr.a(cbprintf_complete.c.obj)
 *fill*         0x00008dbe        0x2 
 .rodata.sys_reboot.str1.4
                0x00008dc0       0x29 zephyr/libzephyr.a(reboot.c.obj)
 *fill*         0x00008de9        0x3 
 .rodata.apis   0x00008dec        0x8 zephyr/libzephyr.a(nrf_cc3xx_platform_abort_zephyr.c.obj)
 .rodata.mutex_free_platform.str1.4
                0x00008df4       0x26 zephyr/libzephyr.a(nrf_cc3xx_platform_mutex_zephyr.c.obj)
 *fill*         0x00008e1a        0x2 
 .rodata.mutex_init_platform.str1.4
                0x00008e1c       0x2d zephyr/libzephyr.a(nrf_cc3xx_platform_mutex_zephyr.c.obj)
 *fill*         0x00008e49        0x3 
 .rodata.mutex_apis
                0x00008e4c       0x10 zephyr/libzephyr.a(nrf_cc3xx_platform_mutex_zephyr.c.obj)
 .rodata.mutexes
                0x00008e5c       0x14 zephyr/libzephyr.a(nrf_cc3xx_platform_mutex_zephyr.c.obj)
 .rodata.static_regions
                0x00008e70        0xc zephyr/arch/arch/arm/core/aarch32/mpu/libarch__arm__core__aarch32__mpu.a(arm_core_mpu.c.obj)
 .rodata.str1.4
                0x00008e7c        0xf zephyr/soc/arm/common/cortex_m/libsoc__arm__common__cortex_m.a(arm_mpu_regions.c.obj)
 *fill*         0x00008e8b        0x1 
 .rodata.mpu_config
                0x00008e8c        0x8 zephyr/soc/arm/common/cortex_m/libsoc__arm__common__cortex_m.a(arm_mpu_regions.c.obj)
                0x00008e8c                mpu_config
 .rodata.mpu_regions
                0x00008e94       0x18 zephyr/soc/arm/common/cortex_m/libsoc__arm__common__cortex_m.a(arm_mpu_regions.c.obj)
 .rodata.str1.4
                0x00008eac        0x6 zephyr/drivers/clock_control/libdrivers__clock_control.a(clock_control_nrf.c.obj)
 *fill*         0x00008eb2        0x2 
 .rodata.clock_control_api
                0x00008eb4       0x18 zephyr/drivers/clock_control/libdrivers__clock_control.a(clock_control_nrf.c.obj)
 .rodata.config
                0x00008ecc       0x10 zephyr/drivers/clock_control/libdrivers__clock_control.a(clock_control_nrf.c.obj)
 .rodata.transitions.11573
                0x00008edc        0xc zephyr/drivers/clock_control/libdrivers__clock_control.a(clock_control_nrf.c.obj)
 .rodata.str1.4
                0x00008ee8        0xf zephyr/drivers/gpio/libdrivers__gpio.a(gpio_nrfx.c.obj)
 *fill*         0x00008ef7        0x1 
 .rodata.gpio_nrfx_drv_api_funcs
                0x00008ef8       0x24 zephyr/drivers/gpio/libdrivers__gpio.a(gpio_nrfx.c.obj)
 .rodata.gpio_nrfx_p0_cfg
                0x00008f1c       0x10 zephyr/drivers/gpio/libdrivers__gpio.a(gpio_nrfx.c.obj)
 .rodata.gpio_nrfx_p1_cfg
                0x00008f2c       0x10 zephyr/drivers/gpio/libdrivers__gpio.a(gpio_nrfx.c.obj)
 .rodata.str1.4
                0x00008f3c        0xf zephyr/drivers/serial/libdrivers__serial.a(uart_nrfx_uarte.c.obj)
 *fill*         0x00008f4b        0x1 
 .rodata.uart_nrfx_uarte_driver_api
                0x00008f4c       0x14 zephyr/drivers/serial/libdrivers__serial.a(uart_nrfx_uarte.c.obj)
 .rodata.uarte_0z_config
                0x00008f60       0x20 zephyr/drivers/serial/libdrivers__serial.a(uart_nrfx_uarte.c.obj)
 .rodata.uarte_1z_config
                0x00008f80       0x20 zephyr/drivers/serial/libdrivers__serial.a(uart_nrfx_uarte.c.obj)
 .rodata._DoInit.str1.4
                0x00008fa0       0x17 modules/segger/libmodules__segger.a(SEGGER_RTT.c.obj)
 *fill*         0x00008fb7        0x1 
 .rodata.levels.9838
                0x00008fb8       0x14 zephyr/kernel/libkernel.a(device.c.obj)
 .rodata._k_neg_eagain
                0x00008fcc        0x4 zephyr/kernel/libkernel.a(errno.c.obj)
                0x00008fcc                _k_neg_eagain
 .rodata.init_idle_thread.str1.4
                0x00008fd0        0xa zephyr/kernel/libkernel.a(init.c.obj)
 *fill*         0x00008fda        0x2 
 .rodata.prepare_multithreading.str1.4
                0x00008fdc        0x5 zephyr/kernel/libkernel.a(init.c.obj)
 *fill*         0x00008fe1        0x3 
 .rodata.boot_banner.str1.4
                0x00008fe4       0x37 zephyr/kernel/libkernel.a(banner.c.obj)
                                 0x3b (size before relaxing)
 *fill*         0x0000901b        0x1 
 .rodata.k_sys_work_q_init.str1.4
                0x0000901c        0x9 zephyr/kernel/libkernel.a(system_work_q.c.obj)
 *fill*         0x00009025        0x3 
 .rodata.CSWTCH.8
                0x00009028       0x1c C:/dev/NordicSDK/v1.9.1/nrfxlib/crypto/nrf_cc310_platform/lib/cortex-m4/soft-float/no-interrupts/libnrf_cc310_platform_0.9.13.a(nrf_cc3xx_platform.c.obj)
 .rodata.mutex_free.str1.4
                0x00009044       0x26 C:/dev/NordicSDK/v1.9.1/nrfxlib/crypto/nrf_cc310_platform/lib/cortex-m4/soft-float/no-interrupts/libnrf_cc310_platform_0.9.13.a(nrf_cc3xx_platform_mutex.c.obj)
 *fill*         0x0000906a        0x2 
 .rodata.mutex_init.str1.4
                0x0000906c       0x23 C:/dev/NordicSDK/v1.9.1/nrfxlib/crypto/nrf_cc310_platform/lib/cortex-m4/soft-float/no-interrupts/libnrf_cc310_platform_0.9.13.a(nrf_cc3xx_platform_mutex.c.obj)
 *fill*         0x0000908f        0x1 
 .rodata.CC_PalPowerSaveModeInit.str1.4
                0x00009090       0x20 C:/dev/NordicSDK/v1.9.1/nrfxlib/crypto/nrf_cc310_platform/lib/cortex-m4/soft-float/no-interrupts/libnrf_cc310_platform_0.9.13.a(cc_pal_pm.c.obj)
 .rodata.npio2_hw
                0x000090b0       0x80 c:/dev/NordicSDK/v1.9.1/toolchain/opt/arm-none-eabi/lib/thumb/v7e-m/nofp\libm.a(lib_a-e_rem_pio2.o)
 .rodata.two_over_pi
                0x00009130      0x108 c:/dev/NordicSDK/v1.9.1/toolchain/opt/arm-none-eabi/lib/thumb/v7e-m/nofp\libm.a(lib_a-e_rem_pio2.o)
 .rodata.init_jk
                0x00009238       0x10 c:/dev/NordicSDK/v1.9.1/toolchain/opt/arm-none-eabi/lib/thumb/v7e-m/nofp\libm.a(lib_a-k_rem_pio2.o)
 .rodata._ctype_
                0x00009248      0x101 c:/dev/NordicSDK/v1.9.1/toolchain/opt/arm-none-eabi/lib/thumb/v7e-m/nofp\libc_nano.a(lib_a-ctype_.o)
                0x00009248                _ctype_
 *(SORT_BY_ALIGNMENT(.gnu.linkonce.r.*))
                0x0000934c                . = ALIGN (0x4)
 *fill*         0x00009349        0x3 
                0x0000934c                __rodata_region_end = .
                0x00009360                . = ALIGN (_region_min_align)
                0x00010000                . = ALIGN ((0x1 << ((__rodata_region_end - __rom_region_start) <= 0x4)?0x2:((__rodata_region_end - __rom_region_start) <= 0x8)?0x3:((__rodata_region_end - __rom_region_start) <= 0x10)?0x4:((__rodata_region_end - __rom_region_start) <= 0x20)?0x5:((__rodata_region_end - __rom_region_start) <= 0x40)?0x6:((__rodata_region_end - __rom_region_start) <= 0x80)?0x7:((__rodata_region_end - __rom_region_start) <= 0x100)?0x8:((__rodata_region_end - __rom_region_start) <= 0x200)?0x9:((__rodata_region_end - __rom_region_start) <= 0x400)?0xa:((__rodata_region_end - __rom_region_start) <= 0x800)?0xb:((__rodata_region_end - __rom_region_start) <= 0x1000)?0xc:((__rodata_region_end - __rom_region_start) <= 0x2000)?0xd:((__rodata_region_end - __rom_region_start) <= 0x4000)?0xe:((__rodata_region_end - __rom_region_start) <= 0x8000)?0xf:((__rodata_region_end - __rom_region_start) <= 0x10000)?0x10:((__rodata_region_end - __rom_region_start) <= 0x20000)?0x11:((__rodata_region_end - __rom_region_start) <= 0x40000)?0x12:((__rodata_region_end - __rom_region_start) <= 0x80000)?0x13:((__rodata_region_end - __rom_region_start) <= 0x100000)?0x14:((__rodata_region_end - __rom_region_start) <= 0x200000)?0x15:((__rodata_region_end - __rom_region_start) <= 0x400000)?0x16:((__rodata_region_end - __rom_region_start) <= 0x800000)?0x17:((__rodata_region_end - __rom_region_start) <= 0x1000000)?0x18:((__rodata_region_end - __rom_region_start) <= 0x2000000)?0x19:((__rodata_region_end - __rom_region_start) <= 0x4000000)?0x1a:((__rodata_region_end - __rom_region_start) <= 0x8000000)?0x1b:((__rodata_region_end - __rom_region_start) <= 0x10000000)?0x1c:((__rodata_region_end - __rom_region_start) <= 0x20000000)?0x1d:((__rodata_region_end - __rom_region_start) <= 0x40000000)?0x1e:((__rodata_region_end - __rom_region_start) <= 0x80000000)?0x1f:0x20))
                0x00010000                __rom_region_end = .
                0x20000000                . = 0x20000000
                0x20000000                . = ALIGN (_region_min_align)
                0x20000000                _image_ram_start = .

.ramfunc        0x20000000        0x0 load address 0x0000934c
                0x20000000                . = ALIGN (_region_min_align)
                0x20000000                . = ALIGN ((0x1 << (__ramfunc_size <= 0x4)?0x2:(__ramfunc_size <= 0x8)?0x3:(__ramfunc_size <= 0x10)?0x4:(__ramfunc_size <= 0x20)?0x5:(__ramfunc_size <= 0x40)?0x6:(__ramfunc_size <= 0x80)?0x7:(__ramfunc_size <= 0x100)?0x8:(__ramfunc_size <= 0x200)?0x9:(__ramfunc_size <= 0x400)?0xa:(__ramfunc_size <= 0x800)?0xb:(__ramfunc_size <= 0x1000)?0xc:(__ramfunc_size <= 0x2000)?0xd:(__ramfunc_size <= 0x4000)?0xe:(__ramfunc_size <= 0x8000)?0xf:(__ramfunc_size <= 0x10000)?0x10:(__ramfunc_size <= 0x20000)?0x11:(__ramfunc_size <= 0x40000)?0x12:(__ramfunc_size <= 0x80000)?0x13:(__ramfunc_size <= 0x100000)?0x14:(__ramfunc_size <= 0x200000)?0x15:(__ramfunc_size <= 0x400000)?0x16:(__ramfunc_size <= 0x800000)?0x17:(__ramfunc_size <= 0x1000000)?0x18:(__ramfunc_size <= 0x2000000)?0x19:(__ramfunc_size <= 0x4000000)?0x1a:(__ramfunc_size <= 0x8000000)?0x1b:(__ramfunc_size <= 0x10000000)?0x1c:(__ramfunc_size <= 0x20000000)?0x1d:(__ramfunc_size <= 0x40000000)?0x1e:(__ramfunc_size <= 0x80000000)?0x1f:0x20))
                0x20000000                __ramfunc_start = .
 *(SORT_BY_ALIGNMENT(.ramfunc))
 *(SORT_BY_ALIGNMENT(.ramfunc.*))
                0x20000000                . = ALIGN (_region_min_align)
                0x20000000                . = ALIGN ((0x1 << (__ramfunc_size <= 0x4)?0x2:(__ramfunc_size <= 0x8)?0x3:(__ramfunc_size <= 0x10)?0x4:(__ramfunc_size <= 0x20)?0x5:(__ramfunc_size <= 0x40)?0x6:(__ramfunc_size <= 0x80)?0x7:(__ramfunc_size <= 0x100)?0x8:(__ramfunc_size <= 0x200)?0x9:(__ramfunc_size <= 0x400)?0xa:(__ramfunc_size <= 0x800)?0xb:(__ramfunc_size <= 0x1000)?0xc:(__ramfunc_size <= 0x2000)?0xd:(__ramfunc_size <= 0x4000)?0xe:(__ramfunc_size <= 0x8000)?0xf:(__ramfunc_size <= 0x10000)?0x10:(__ramfunc_size <= 0x20000)?0x11:(__ramfunc_size <= 0x40000)?0x12:(__ramfunc_size <= 0x80000)?0x13:(__ramfunc_size <= 0x100000)?0x14:(__ramfunc_size <= 0x200000)?0x15:(__ramfunc_size <= 0x400000)?0x16:(__ramfunc_size <= 0x800000)?0x17:(__ramfunc_size <= 0x1000000)?0x18:(__ramfunc_size <= 0x2000000)?0x19:(__ramfunc_size <= 0x4000000)?0x1a:(__ramfunc_size <= 0x8000000)?0x1b:(__ramfunc_size <= 0x10000000)?0x1c:(__ramfunc_size <= 0x20000000)?0x1d:(__ramfunc_size <= 0x40000000)?0x1e:(__ramfunc_size <= 0x80000000)?0x1f:0x20))
                0x20000000                __ramfunc_end = .
                0x00000000                __ramfunc_size = (__ramfunc_end - __ramfunc_start)
                0x0000934c                __ramfunc_load_start = LOADADDR (.ramfunc)

datas           0x20000000      0x13c load address 0x0000934c
                0x20000000                __data_region_start = .
                0x20000000                __data_start = .
 *(SORT_BY_ALIGNMENT(.data))
 *(SORT_BY_ALIGNMENT(.data.*))
 .data._char_out
                0x20000000        0x4 zephyr/libzephyr.a(printk.c.obj)
                0x20000000                _char_out
 .data.asym_mutex
                0x20000004        0x8 zephyr/libzephyr.a(nrf_cc3xx_platform_mutex_zephyr.c.obj)
 .data.power_mutex
                0x2000000c        0x8 zephyr/libzephyr.a(nrf_cc3xx_platform_mutex_zephyr.c.obj)
 .data.rng_mutex
                0x20000014        0x8 zephyr/libzephyr.a(nrf_cc3xx_platform_mutex_zephyr.c.obj)
 .data.sym_mutex
                0x2000001c        0x8 zephyr/libzephyr.a(nrf_cc3xx_platform_mutex_zephyr.c.obj)
 .data._stdout_hook
                0x20000024        0x4 zephyr/lib/libc/newlib/liblib__libc__newlib.a(libc-hooks.c.obj)
 .data.uarte_0_data
                0x20000028       0x14 zephyr/drivers/serial/libdrivers__serial.a(uart_nrfx_uarte.c.obj)
 .data.uarte_1_data
                0x2000003c       0x14 zephyr/drivers/serial/libdrivers__serial.a(uart_nrfx_uarte.c.obj)
 .data.SystemCoreClock
                0x20000050        0x4 modules/hal_nordic/nrfx/libmodules__hal_nordic__nrfx.a(system_nrf52840.c.obj)
                0x20000050                SystemCoreClock
 .data.m_cb     0x20000054       0x7c modules/hal_nordic/nrfx/libmodules__hal_nordic__nrfx.a(nrfx_gpiote.c.obj)
 .data.m_channels_allocated
                0x200000d0        0x4 modules/hal_nordic/nrfx/libmodules__hal_nordic__nrfx.a(nrfx_ppi.c.obj)
 .data.timeout_list
                0x200000d4        0x8 zephyr/kernel/libkernel.a(timeout.c.obj)
 .data.platform_abort_apis
                0x200000dc        0x8 C:/dev/NordicSDK/v1.9.1/nrfxlib/crypto/nrf_cc310_platform/lib/cortex-m4/soft-float/no-interrupts/libnrf_cc310_platform_0.9.13.a(nrf_cc3xx_platform_abort.c.obj)
                0x200000dc                platform_abort_apis
 .data.asym_mutex
                0x200000e4        0x8 C:/dev/NordicSDK/v1.9.1/nrfxlib/crypto/nrf_cc310_platform/lib/cortex-m4/soft-float/no-interrupts/libnrf_cc310_platform_0.9.13.a(nrf_cc3xx_platform_mutex.c.obj)
 .data.platform_mutex_apis
                0x200000ec       0x10 C:/dev/NordicSDK/v1.9.1/nrfxlib/crypto/nrf_cc310_platform/lib/cortex-m4/soft-float/no-interrupts/libnrf_cc310_platform_0.9.13.a(nrf_cc3xx_platform_mutex.c.obj)
                0x200000ec                platform_mutex_apis
 .data.platform_mutexes
                0x200000fc       0x14 C:/dev/NordicSDK/v1.9.1/nrfxlib/crypto/nrf_cc310_platform/lib/cortex-m4/soft-float/no-interrupts/libnrf_cc310_platform_0.9.13.a(nrf_cc3xx_platform_mutex.c.obj)
                0x200000fc                platform_mutexes
 .data.power_mutex
                0x20000110        0x8 C:/dev/NordicSDK/v1.9.1/nrfxlib/crypto/nrf_cc310_platform/lib/cortex-m4/soft-float/no-interrupts/libnrf_cc310_platform_0.9.13.a(nrf_cc3xx_platform_mutex.c.obj)
 .data.rng_mutex
                0x20000118        0x8 C:/dev/NordicSDK/v1.9.1/nrfxlib/crypto/nrf_cc310_platform/lib/cortex-m4/soft-float/no-interrupts/libnrf_cc310_platform_0.9.13.a(nrf_cc3xx_platform_mutex.c.obj)
 .data.sym_mutex
                0x20000120        0x8 C:/dev/NordicSDK/v1.9.1/nrfxlib/crypto/nrf_cc310_platform/lib/cortex-m4/soft-float/no-interrupts/libnrf_cc310_platform_0.9.13.a(nrf_cc3xx_platform_mutex.c.obj)
 .data.CCAsymCryptoMutex
                0x20000128        0x4 C:/dev/NordicSDK/v1.9.1/nrfxlib/crypto/nrf_cc310_platform/lib/cortex-m4/soft-float/no-interrupts/libnrf_cc310_platform_0.9.13.a(cc_pal.c.obj)
                0x20000128                CCAsymCryptoMutex
 .data.CCPowerMutex